Jun  9 00:00:02 mohammad-ROG-Strix-G512LI-G512LI kernel: [ 9390.589538] audit: type=1400 audit(1717878602.767:308): apparmor="DENIED" operation="capable" profile="/usr/sbin/cups-browsed" pid=584600 comm="cups-browsed" capability=23  capname="sys_nice"
Jun  9 00:00:33 mohammad-ROG-Strix-G512LI-G512LI kernel: [ 9421.510751] [UFW BLOCK] IN=wlo1 OUT= MAC=40:ec:99:f4:f4:e8:74:da:da:66:14:19:08:00 SRC=192.168.1.1 DST=224.0.0.1 LEN=32 TOS=0x00 PREC=0x00 TTL=1 ID=42798 DF PROTO=2 
Jun  9 00:01:33 mohammad-ROG-Strix-G512LI-G512LI kernel: [ 9481.620217] [UFW BLOCK] IN=wlo1 OUT= MAC=40:ec:99:f4:f4:e8:74:da:da:66:14:19:08:00 SRC=192.168.1.1 DST=224.0.0.1 LEN=32 TOS=0x00 PREC=0x00 TTL=1 ID=43128 DF PROTO=2 
Jun  9 00:02:33 mohammad-ROG-Strix-G512LI-G512LI kernel: [ 9541.730350] [UFW BLOCK] IN=wlo1 OUT= MAC=40:ec:99:f4:f4:e8:74:da:da:66:14:19:08:00 SRC=192.168.1.1 DST=224.0.0.1 LEN=32 TOS=0x00 PREC=0x00 TTL=1 ID=43434 DF PROTO=2 
Jun  9 00:03:34 mohammad-ROG-Strix-G512LI-G512LI kernel: [ 9601.838431] [UFW BLOCK] IN=wlo1 OUT= MAC=40:ec:99:f4:f4:e8:74:da:da:66:14:19:08:00 SRC=192.168.1.1 DST=224.0.0.1 LEN=32 TOS=0x00 PREC=0x00 TTL=1 ID=43728 DF PROTO=2 
Jun  9 00:04:34 mohammad-ROG-Strix-G512LI-G512LI kernel: [ 9661.947555] [UFW BLOCK] IN=wlo1 OUT= MAC=40:ec:99:f4:f4:e8:74:da:da:66:14:19:08:00 SRC=192.168.1.1 DST=224.0.0.1 LEN=32 TOS=0x00 PREC=0x00 TTL=1 ID=44022 DF PROTO=2 
Jun  9 00:05:34 mohammad-ROG-Strix-G512LI-G512LI kernel: [ 9721.982772] [UFW BLOCK] IN=wlo1 OUT= MAC=40:ec:99:f4:f4:e8:74:da:da:66:14:19:08:00 SRC=192.168.1.1 DST=224.0.0.1 LEN=32 TOS=0x00 PREC=0x00 TTL=1 ID=44340 DF PROTO=2 
Jun  9 00:06:34 mohammad-ROG-Strix-G512LI-G512LI kernel: [ 9782.092737] [UFW BLOCK] IN=wlo1 OUT= MAC=40:ec:99:f4:f4:e8:74:da:da:66:14:19:08:00 SRC=192.168.1.1 DST=224.0.0.1 LEN=32 TOS=0x00 PREC=0x00 TTL=1 ID=44646 DF PROTO=2 
Jun  9 00:07:34 mohammad-ROG-Strix-G512LI-G512LI kernel: [ 9842.275110] [UFW BLOCK] IN=wlo1 OUT= MAC=40:ec:99:f4:f4:e8:74:da:da:66:14:19:08:00 SRC=192.168.1.1 DST=224.0.0.1 LEN=32 TOS=0x00 PREC=0x00 TTL=1 ID=44952 DF PROTO=2 
Jun  9 00:08:34 mohammad-ROG-Strix-G512LI-G512LI kernel: [ 9902.312882] [UFW BLOCK] IN=wlo1 OUT= MAC=40:ec:99:f4:f4:e8:74:da:da:66:14:19:08:00 SRC=192.168.1.1 DST=224.0.0.1 LEN=32 TOS=0x00 PREC=0x00 TTL=1 ID=45270 DF PROTO=2 
Jun  9 00:09:34 mohammad-ROG-Strix-G512LI-G512LI kernel: [ 9962.423023] [UFW BLOCK] IN=wlo1 OUT= MAC=40:ec:99:f4:f4:e8:74:da:da:66:14:19:08:00 SRC=192.168.1.1 DST=224.0.0.1 LEN=32 TOS=0x00 PREC=0x00 TTL=1 ID=45588 DF PROTO=2 
Jun  9 00:10:34 mohammad-ROG-Strix-G512LI-G512LI kernel: [10022.523085] [UFW BLOCK] IN=wlo1 OUT= MAC=40:ec:99:f4:f4:e8:74:da:da:66:14:19:08:00 SRC=192.168.1.1 DST=224.0.0.1 LEN=32 TOS=0x00 PREC=0x00 TTL=1 ID=45894 DF PROTO=2 
Jun  9 00:11:34 mohammad-ROG-Strix-G512LI-G512LI kernel: [10082.623369] [UFW BLOCK] IN=wlo1 OUT= MAC=40:ec:99:f4:f4:e8:74:da:da:66:14:19:08:00 SRC=192.168.1.1 DST=224.0.0.1 LEN=32 TOS=0x00 PREC=0x00 TTL=1 ID=46224 DF PROTO=2 
Jun  9 00:12:35 mohammad-ROG-Strix-G512LI-G512LI kernel: [10142.820629] [UFW BLOCK] IN=wlo1 OUT= MAC=40:ec:99:f4:f4:e8:74:da:da:66:14:19:08:00 SRC=192.168.1.1 DST=224.0.0.1 LEN=32 TOS=0x00 PREC=0x00 TTL=1 ID=46518 DF PROTO=2 
Jun  9 00:13:35 mohammad-ROG-Strix-G512LI-G512LI kernel: [10202.929691] [UFW BLOCK] IN=wlo1 OUT= MAC=40:ec:99:f4:f4:e8:74:da:da:66:14:19:08:00 SRC=192.168.1.1 DST=224.0.0.1 LEN=32 TOS=0x00 PREC=0x00 TTL=1 ID=46812 DF PROTO=2 
Jun  9 00:14:35 mohammad-ROG-Strix-G512LI-G512LI kernel: [10262.964401] [UFW BLOCK] IN=wlo1 OUT= MAC=40:ec:99:f4:f4:e8:74:da:da:66:14:19:08:00 SRC=192.168.1.1 DST=224.0.0.1 LEN=32 TOS=0x00 PREC=0x00 TTL=1 ID=47106 DF PROTO=2 
Jun  9 00:15:35 mohammad-ROG-Strix-G512LI-G512LI kernel: [10323.074861] [UFW BLOCK] IN=wlo1 OUT= MAC=40:ec:99:f4:f4:e8:74:da:da:66:14:19:08:00 SRC=192.168.1.1 DST=224.0.0.1 LEN=32 TOS=0x00 PREC=0x00 TTL=1 ID=47400 DF PROTO=2 
Jun  9 00:16:35 mohammad-ROG-Strix-G512LI-G512LI kernel: [10383.183506] [UFW BLOCK] IN=wlo1 OUT= MAC=40:ec:99:f4:f4:e8:74:da:da:66:14:19:08:00 SRC=192.168.1.1 DST=224.0.0.1 LEN=32 TOS=0x00 PREC=0x00 TTL=1 ID=47694 DF PROTO=2 
Jun  9 00:16:55 mohammad-ROG-Strix-G512LI-G512LI kernel: [10403.166016] audit: type=1326 audit(1717879615.347:309): auid=1000 uid=1000 gid=1000 ses=3 subj=snap.postman.postman pid=642696 comm="postman" exe="/snap/postman/254/usr/share/postman/postman" sig=0 arch=c000003e syscall=330 compat=0 ip=0x7f73442db4e7 code=0x50000
Jun  9 00:17:35 mohammad-ROG-Strix-G512LI-G512LI kernel: [10443.365957] [UFW BLOCK] IN=wlo1 OUT= MAC=40:ec:99:f4:f4:e8:74:da:da:66:14:19:08:00 SRC=192.168.1.1 DST=224.0.0.1 LEN=32 TOS=0x00 PREC=0x00 TTL=1 ID=48036 DF PROTO=2 
Jun  9 00:18:35 mohammad-ROG-Strix-G512LI-G512LI kernel: [10503.512360] [UFW BLOCK] IN=wlo1 OUT= MAC=40:ec:99:f4:f4:e8:74:da:da:66:14:19:08:00 SRC=192.168.1.1 DST=224.0.0.1 LEN=32 TOS=0x00 PREC=0x00 TTL=1 ID=48366 DF PROTO=2 
Jun  9 00:19:35 mohammad-ROG-Strix-G512LI-G512LI kernel: [10563.482066] [UFW BLOCK] IN=wlo1 OUT= MAC=40:ec:99:f4:f4:e8:74:da:da:66:14:19:08:00 SRC=192.168.1.1 DST=224.0.0.1 LEN=32 TOS=0x00 PREC=0x00 TTL=1 ID=48648 DF PROTO=2 
Jun  9 00:20:35 mohammad-ROG-Strix-G512LI-G512LI kernel: [10623.474134] [UFW BLOCK] IN=wlo1 OUT= MAC=40:ec:99:f4:f4:e8:74:da:da:66:14:19:08:00 SRC=192.168.1.1 DST=224.0.0.1 LEN=32 TOS=0x00 PREC=0x00 TTL=1 ID=48966 DF PROTO=2 
Jun  9 00:21:35 mohammad-ROG-Strix-G512LI-G512LI kernel: [10683.597505] [UFW BLOCK] IN=wlo1 OUT= MAC=40:ec:99:f4:f4:e8:74:da:da:66:14:19:08:00 SRC=192.168.1.1 DST=224.0.0.1 LEN=32 TOS=0x00 PREC=0x00 TTL=1 ID=49248 DF PROTO=2 
Jun  9 00:22:35 mohammad-ROG-Strix-G512LI-G512LI kernel: [10743.664358] [UFW BLOCK] IN=wlo1 OUT= MAC=40:ec:99:f4:f4:e8:74:da:da:66:14:19:08:00 SRC=192.168.1.1 DST=224.0.0.1 LEN=32 TOS=0x00 PREC=0x00 TTL=1 ID=49550 DF PROTO=2 
Jun  9 00:23:35 mohammad-ROG-Strix-G512LI-G512LI kernel: [10803.713336] [UFW BLOCK] IN=wlo1 OUT= MAC=40:ec:99:f4:f4:e8:74:da:da:66:14:19:08:00 SRC=192.168.1.1 DST=224.0.0.1 LEN=32 TOS=0x00 PREC=0x00 TTL=1 ID=49892 DF PROTO=2 
Jun  9 00:24:36 mohammad-ROG-Strix-G512LI-G512LI kernel: [10863.822431] [UFW BLOCK] IN=wlo1 OUT= MAC=40:ec:99:f4:f4:e8:74:da:da:66:14:19:08:00 SRC=192.168.1.1 DST=224.0.0.1 LEN=32 TOS=0x00 PREC=0x00 TTL=1 ID=50258 DF PROTO=2 
Jun  9 00:25:36 mohammad-ROG-Strix-G512LI-G512LI kernel: [10923.874370] [UFW BLOCK] IN=wlo1 OUT= MAC=40:ec:99:f4:f4:e8:74:da:da:66:14:19:08:00 SRC=192.168.1.1 DST=224.0.0.1 LEN=32 TOS=0x00 PREC=0x00 TTL=1 ID=50576 DF PROTO=2 
Jun  9 00:26:36 mohammad-ROG-Strix-G512LI-G512LI kernel: [10983.944653] [UFW BLOCK] IN=wlo1 OUT= MAC=40:ec:99:f4:f4:e8:74:da:da:66:14:19:08:00 SRC=192.168.1.1 DST=224.0.0.1 LEN=32 TOS=0x00 PREC=0x00 TTL=1 ID=50888 DF PROTO=2 
Jun  9 00:27:36 mohammad-ROG-Strix-G512LI-G512LI kernel: [11044.054725] [UFW BLOCK] IN=wlo1 OUT= MAC=40:ec:99:f4:f4:e8:74:da:da:66:14:19:08:00 SRC=192.168.1.1 DST=224.0.0.1 LEN=32 TOS=0x00 PREC=0x00 TTL=1 ID=51206 DF PROTO=2 
Jun  9 00:28:36 mohammad-ROG-Strix-G512LI-G512LI kernel: [11104.074801] [UFW BLOCK] IN=wlo1 OUT= MAC=40:ec:99:f4:f4:e8:74:da:da:66:14:19:08:00 SRC=192.168.1.1 DST=224.0.0.1 LEN=32 TOS=0x00 PREC=0x00 TTL=1 ID=51512 DF PROTO=2 
Jun  9 00:29:36 mohammad-ROG-Strix-G512LI-G512LI kernel: [11164.267063] [UFW BLOCK] IN=wlo1 OUT= MAC=40:ec:99:f4:f4:e8:74:da:da:66:14:19:08:00 SRC=192.168.1.1 DST=224.0.0.1 LEN=32 TOS=0x00 PREC=0x00 TTL=1 ID=51830 DF PROTO=2 
Jun  9 00:30:36 mohammad-ROG-Strix-G512LI-G512LI kernel: [11224.272476] [UFW BLOCK] IN=wlo1 OUT= MAC=40:ec:99:f4:f4:e8:74:da:da:66:14:19:08:00 SRC=192.168.1.1 DST=224.0.0.1 LEN=32 TOS=0x00 PREC=0x00 TTL=1 ID=52166 DF PROTO=2 
Jun  9 00:31:36 mohammad-ROG-Strix-G512LI-G512LI kernel: [11284.265187] [UFW BLOCK] IN=wlo1 OUT= MAC=40:ec:99:f4:f4:e8:74:da:da:66:14:19:08:00 SRC=192.168.1.1 DST=224.0.0.1 LEN=32 TOS=0x00 PREC=0x00 TTL=1 ID=52508 DF PROTO=2 
Jun  9 00:32:36 mohammad-ROG-Strix-G512LI-G512LI kernel: [11344.388547] [UFW BLOCK] IN=wlo1 OUT= MAC=40:ec:99:f4:f4:e8:74:da:da:66:14:19:08:00 SRC=192.168.1.1 DST=224.0.0.1 LEN=32 TOS=0x00 PREC=0x00 TTL=1 ID=52838 DF PROTO=2 
Jun  9 00:33:36 mohammad-ROG-Strix-G512LI-G512LI kernel: [11404.497662] [UFW BLOCK] IN=wlo1 OUT= MAC=40:ec:99:f4:f4:e8:74:da:da:66:14:19:08:00 SRC=192.168.1.1 DST=224.0.0.1 LEN=32 TOS=0x00 PREC=0x00 TTL=1 ID=53144 DF PROTO=2 
Jun  9 00:34:36 mohammad-ROG-Strix-G512LI-G512LI kernel: [11464.475661] [UFW BLOCK] IN=wlo1 OUT= MAC=40:ec:99:f4:f4:e8:74:da:da:66:14:19:08:00 SRC=192.168.1.1 DST=224.0.0.1 LEN=32 TOS=0x00 PREC=0x00 TTL=1 ID=53438 DF PROTO=2 
Jun  9 00:35:05 mohammad-ROG-Strix-G512LI-G512LI kernel: [11493.317739] audit: type=1326 audit(1717880705.503:310): auid=1000 uid=1000 gid=1000 ses=3 subj=snap.postman.postman pid=705004 comm="postman" exe="/snap/postman/254/usr/share/postman/postman" sig=0 arch=c000003e syscall=330 compat=0 ip=0x7f73442db4e7 code=0x50000
Jun  9 00:35:06 mohammad-ROG-Strix-G512LI-G512LI kernel: [11494.219050] audit: type=1326 audit(1717880706.403:311): auid=1000 uid=1000 gid=1000 ses=3 subj=snap.postman.postman pid=705017 comm="postman" exe="/snap/postman/254/usr/share/postman/postman" sig=0 arch=c000003e syscall=330 compat=0 ip=0x7f73442db4e7 code=0x50000
Jun  9 00:35:36 mohammad-ROG-Strix-G512LI-G512LI kernel: [11524.575844] [UFW BLOCK] IN=wlo1 OUT= MAC=40:ec:99:f4:f4:e8:74:da:da:66:14:19:08:00 SRC=192.168.1.1 DST=224.0.0.1 LEN=32 TOS=0x00 PREC=0x00 TTL=1 ID=53780 DF PROTO=2 
Jun  9 00:36:36 mohammad-ROG-Strix-G512LI-G512LI kernel: [11584.722732] [UFW BLOCK] IN=wlo1 OUT= MAC=40:ec:99:f4:f4:e8:74:da:da:66:14:19:08:00 SRC=192.168.1.1 DST=224.0.0.1 LEN=32 TOS=0x00 PREC=0x00 TTL=1 ID=54098 DF PROTO=2 
Jun  9 00:37:36 mohammad-ROG-Strix-G512LI-G512LI kernel: [11644.729214] [UFW BLOCK] IN=wlo1 OUT= MAC=40:ec:99:f4:f4:e8:74:da:da:66:14:19:08:00 SRC=192.168.1.1 DST=224.0.0.1 LEN=32 TOS=0x00 PREC=0x00 TTL=1 ID=54404 DF PROTO=2 
Jun  9 00:38:37 mohammad-ROG-Strix-G512LI-G512LI kernel: [11704.838641] [UFW BLOCK] IN=wlo1 OUT= MAC=40:ec:99:f4:f4:e8:74:da:da:66:14:19:08:00 SRC=192.168.1.1 DST=224.0.0.1 LEN=32 TOS=0x00 PREC=0x00 TTL=1 ID=54722 DF PROTO=2 
Jun  9 00:39:37 mohammad-ROG-Strix-G512LI-G512LI kernel: [11764.845044] [UFW BLOCK] IN=wlo1 OUT= MAC=40:ec:99:f4:f4:e8:74:da:da:66:14:19:08:00 SRC=192.168.1.1 DST=224.0.0.1 LEN=32 TOS=0x00 PREC=0x00 TTL=1 ID=55016 DF PROTO=2 
Jun  9 00:40:37 mohammad-ROG-Strix-G512LI-G512LI kernel: [11824.852067] [UFW BLOCK] IN=wlo1 OUT= MAC=40:ec:99:f4:f4:e8:74:da:da:66:14:19:08:00 SRC=192.168.1.1 DST=224.0.0.1 LEN=32 TOS=0x00 PREC=0x00 TTL=1 ID=55322 DF PROTO=2 
Jun  9 00:41:37 mohammad-ROG-Strix-G512LI-G512LI kernel: [11884.951722] [UFW BLOCK] IN=wlo1 OUT= MAC=40:ec:99:f4:f4:e8:74:da:da:66:14:19:08:00 SRC=192.168.1.1 DST=224.0.0.1 LEN=32 TOS=0x00 PREC=0x00 TTL=1 ID=55628 DF PROTO=2 
Jun  9 00:42:37 mohammad-ROG-Strix-G512LI-G512LI kernel: [11945.013072] [UFW BLOCK] IN=wlo1 OUT= MAC=40:ec:99:f4:f4:e8:74:da:da:66:14:19:08:00 SRC=192.168.1.1 DST=224.0.0.1 LEN=32 TOS=0x00 PREC=0x00 TTL=1 ID=55934 DF PROTO=2 
Jun  9 00:43:37 mohammad-ROG-Strix-G512LI-G512LI kernel: [12005.076742] [UFW BLOCK] IN=wlo1 OUT= MAC=40:ec:99:f4:f4:e8:74:da:da:66:14:19:08:00 SRC=192.168.1.1 DST=224.0.0.1 LEN=32 TOS=0x00 PREC=0x00 TTL=1 ID=56228 DF PROTO=2 
Jun  9 00:44:37 mohammad-ROG-Strix-G512LI-G512LI kernel: [12065.158761] [UFW BLOCK] IN=wlo1 OUT= MAC=40:ec:99:f4:f4:e8:74:da:da:66:14:19:08:00 SRC=192.168.1.1 DST=224.0.0.1 LEN=32 TOS=0x00 PREC=0x00 TTL=1 ID=56528 DF PROTO=2 
Jun  9 00:45:37 mohammad-ROG-Strix-G512LI-G512LI kernel: [12125.267148] [UFW BLOCK] IN=wlo1 OUT= MAC=40:ec:99:f4:f4:e8:74:da:da:66:14:19:08:00 SRC=192.168.1.1 DST=224.0.0.1 LEN=32 TOS=0x00 PREC=0x00 TTL=1 ID=56834 DF PROTO=2 
Jun  9 00:46:37 mohammad-ROG-Strix-G512LI-G512LI kernel: [12185.396042] [UFW BLOCK] IN=wlo1 OUT= MAC=40:ec:99:f4:f4:e8:74:da:da:66:14:19:08:00 SRC=192.168.1.1 DST=224.0.0.1 LEN=32 TOS=0x00 PREC=0x00 TTL=1 ID=57116 DF PROTO=2 
Jun  9 00:47:37 mohammad-ROG-Strix-G512LI-G512LI kernel: [12245.407460] [UFW BLOCK] IN=wlo1 OUT= MAC=40:ec:99:f4:f4:e8:74:da:da:66:14:19:08:00 SRC=192.168.1.1 DST=224.0.0.1 LEN=32 TOS=0x00 PREC=0x00 TTL=1 ID=57494 DF PROTO=2 
Jun  9 00:48:37 mohammad-ROG-Strix-G512LI-G512LI kernel: [12305.575708] [UFW BLOCK] IN=wlo1 OUT= MAC=40:ec:99:f4:f4:e8:74:da:da:66:14:19:08:00 SRC=192.168.1.1 DST=224.0.0.1 LEN=32 TOS=0x00 PREC=0x00 TTL=1 ID=57800 DF PROTO=2 
Jun  9 00:49:37 mohammad-ROG-Strix-G512LI-G512LI kernel: [12365.731853] [UFW BLOCK] IN=wlo1 OUT= MAC=40:ec:99:f4:f4:e8:74:da:da:66:14:19:08:00 SRC=192.168.1.1 DST=224.0.0.1 LEN=32 TOS=0x00 PREC=0x00 TTL=1 ID=58082 DF PROTO=2 
Jun  9 00:50:37 mohammad-ROG-Strix-G512LI-G512LI kernel: [12425.684527] [UFW BLOCK] IN=wlo1 OUT= MAC=40:ec:99:f4:f4:e8:74:da:da:66:14:19:08:00 SRC=192.168.1.1 DST=224.0.0.1 LEN=32 TOS=0x00 PREC=0x00 TTL=1 ID=58424 DF PROTO=2 
Jun  9 00:51:28 mohammad-ROG-Strix-G512LI-G512LI kernel: [12476.136432] rfkill: input handler enabled
Jun  9 14:07:02 mohammad-ROG-Strix-G512LI-G512LI kernel: [    0.000000] microcode: microcode updated early to revision 0xf8, date = 2023-02-23
Jun  9 14:07:02 mohammad-ROG-Strix-G512LI-G512LI kernel: [    0.000000] Linux version 5.15.0-105-generic (buildd@lcy02-amd64-054) (gcc (Ubuntu 9.4.0-1ubuntu1~20.04.2) 9.4.0, GNU ld (GNU Binutils for Ubuntu) 2.34) #115~20.04.1-Ubuntu SMP Mon Apr 15 17:33:04 UTC 2024 (Ubuntu 5.15.0-105.115~20.04.1-generic 5.15.148)
Jun  9 14:07:02 mohammad-ROG-Strix-G512LI-G512LI kernel: [    0.000000] Command line: BOOT_IMAGE=/boot/vmlinuz-5.15.0-105-generic root=UUID=b363322f-bf31-4be1-acc7-1d6e10226b72 ro quiet splash vt.handoff=7
Jun  9 14:07:02 mohammad-ROG-Strix-G512LI-G512LI kernel: [    0.000000] KERNEL supported cpus:
Jun  9 14:07:02 mohammad-ROG-Strix-G512LI-G512LI kernel: [    0.000000]   Intel GenuineIntel
Jun  9 14:07:02 mohammad-ROG-Strix-G512LI-G512LI kernel: [    0.000000]   AMD AuthenticAMD
Jun  9 14:07:02 mohammad-ROG-Strix-G512LI-G512LI kernel: [    0.000000]   Hygon HygonGenuine
Jun  9 14:07:02 mohammad-ROG-Strix-G512LI-G512LI kernel: [    0.000000]   Centaur CentaurHauls
Jun  9 14:07:02 mohammad-ROG-Strix-G512LI-G512LI kernel: [    0.000000]   zhaoxin   Shanghai  
Jun  9 14:07:02 mohammad-ROG-Strix-G512LI-G512LI kernel: [    0.000000] BIOS-provided physical RAM map:
Jun  9 14:07:02 mohammad-ROG-Strix-G512LI-G512LI kernel: [    0.000000] BIOS-e820: [mem 0x0000000000000000-0x000000000009dfff] usable
Jun  9 14:07:02 mohammad-ROG-Strix-G512LI-G512LI kernel: [    0.000000] BIOS-e820: [mem 0x000000000009e000-0x000000000009efff] reserved
Jun  9 14:07:02 mohammad-ROG-Strix-G512LI-G512LI kernel: [    0.000000] BIOS-e820: [mem 0x000000000009f000-0x000000000009ffff] usable
Jun  9 14:07:02 mohammad-ROG-Strix-G512LI-G512LI kernel: [    0.000000] BIOS-e820: [mem 0x00000000000a0000-0x00000000000fffff] reserved
Jun  9 14:07:02 mohammad-ROG-Strix-G512LI-G512LI kernel: [    0.000000] BIOS-e820: [mem 0x0000000000100000-0x0000000094366fff] usable
Jun  9 14:07:02 mohammad-ROG-Strix-G512LI-G512LI kernel: [    0.000000] BIOS-e820: [mem 0x0000000094367000-0x00000000982bdfff] reserved
Jun  9 14:07:02 mohammad-ROG-Strix-G512LI-G512LI kernel: [    0.000000] BIOS-e820: [mem 0x00000000982be000-0x00000000983edfff] ACPI data
Jun  9 14:07:02 mohammad-ROG-Strix-G512LI-G512LI kernel: [    0.000000] BIOS-e820: [mem 0x00000000983ee000-0x000000009861afff] ACPI NVS
Jun  9 14:07:02 mohammad-ROG-Strix-G512LI-G512LI kernel: [    0.000000] BIOS-e820: [mem 0x000000009861b000-0x0000000098e4dfff] reserved
Jun  9 14:07:02 mohammad-ROG-Strix-G512LI-G512LI kernel: [    0.000000] BIOS-e820: [mem 0x0000000098e4e000-0x0000000098e4efff] usable
Jun  9 14:07:02 mohammad-ROG-Strix-G512LI-G512LI kernel: [    0.000000] BIOS-e820: [mem 0x0000000098e4f000-0x000000009f7fffff] reserved
Jun  9 14:07:02 mohammad-ROG-Strix-G512LI-G512LI kernel: [    0.000000] BIOS-e820: [mem 0x00000000e0000000-0x00000000efffffff] reserved
Jun  9 14:07:02 mohammad-ROG-Strix-G512LI-G512LI kernel: [    0.000000] BIOS-e820: [mem 0x00000000fe000000-0x00000000fe010fff] reserved
Jun  9 14:07:02 mohammad-ROG-Strix-G512LI-G512LI kernel: [    0.000000] BIOS-e820: [mem 0x00000000fec00000-0x00000000fec00fff] reserved
Jun  9 14:07:02 mohammad-ROG-Strix-G512LI-G512LI kernel: [    0.000000] BIOS-e820: [mem 0x00000000fed00000-0x00000000fed03fff] reserved
Jun  9 14:07:02 mohammad-ROG-Strix-G512LI-G512LI kernel: [    0.000000] BIOS-e820: [mem 0x00000000fee00000-0x00000000fee00fff] reserved
Jun  9 14:07:02 mohammad-ROG-Strix-G512LI-G512LI kernel: [    0.000000] BIOS-e820: [mem 0x00000000ff000000-0x00000000ffffffff] reserved
Jun  9 14:07:02 mohammad-ROG-Strix-G512LI-G512LI kernel: [    0.000000] BIOS-e820: [mem 0x0000000100000000-0x000000085e7fffff] usable
Jun  9 14:07:02 mohammad-ROG-Strix-G512LI-G512LI kernel: [    0.000000] NX (Execute Disable) protection: active
Jun  9 14:07:02 mohammad-ROG-Strix-G512LI-G512LI kernel: [    0.000000] efi: EFI v2.70 by American Megatrends
Jun  9 14:07:02 mohammad-ROG-Strix-G512LI-G512LI kernel: [    0.000000] efi: ACPI=0x983ed000 ACPI 2.0=0x983ed014 TPMFinalLog=0x98588000 SMBIOS=0x98a6d000 SMBIOS 3.0=0x98a6c000 MEMATTR=0x91cd3018 ESRT=0x91cd6f98 MOKvar=0x91cd5000 RNG=0x9837b018 TPMEventLog=0x918cb018 
Jun  9 14:07:02 mohammad-ROG-Strix-G512LI-G512LI kernel: [    0.000000] random: crng init done
Jun  9 14:07:02 mohammad-ROG-Strix-G512LI-G512LI kernel: [    0.000000] secureboot: Secure boot disabled
Jun  9 14:07:02 mohammad-ROG-Strix-G512LI-G512LI kernel: [    0.000000] SMBIOS 3.2.0 present.
Jun  9 14:07:02 mohammad-ROG-Strix-G512LI-G512LI kernel: [    0.000000] DMI: ASUSTeK COMPUTER INC. ROG Strix G512LI_G512LI/G512LI, BIOS G512LI.310 02/05/2021
Jun  9 14:07:02 mohammad-ROG-Strix-G512LI-G512LI kernel: [    0.000000] tsc: Detected 2600.000 MHz processor
Jun  9 14:07:02 mohammad-ROG-Strix-G512LI-G512LI kernel: [    0.000000] tsc: Detected 2599.992 MHz TSC
Jun  9 14:07:02 mohammad-ROG-Strix-G512LI-G512LI kernel: [    0.000000] [Firmware Bug]: TSC ADJUST: CPU0: -312088368 force to 0
Jun  9 14:07:02 mohammad-ROG-Strix-G512LI-G512LI kernel: [    0.000341] e820: update [mem 0x00000000-0x00000fff] usable ==> reserved
Jun  9 14:07:02 mohammad-ROG-Strix-G512LI-G512LI kernel: [    0.000343] e820: remove [mem 0x000a0000-0x000fffff] usable
Jun  9 14:07:02 mohammad-ROG-Strix-G512LI-G512LI kernel: [    0.000349] last_pfn = 0x85e800 max_arch_pfn = 0x400000000
Jun  9 14:07:02 mohammad-ROG-Strix-G512LI-G512LI kernel: [    0.000499] x86/PAT: Configuration [0-7]: WB  WC  UC- UC  WB  WP  UC- WT  
Jun  9 14:07:02 mohammad-ROG-Strix-G512LI-G512LI kernel: [    0.001211] last_pfn = 0x98e4f max_arch_pfn = 0x400000000
Jun  9 14:07:02 mohammad-ROG-Strix-G512LI-G512LI kernel: [    0.010036] esrt: Reserving ESRT space from 0x0000000091cd6f98 to 0x0000000091cd6fd0.
Jun  9 14:07:02 mohammad-ROG-Strix-G512LI-G512LI kernel: [    0.010045] e820: update [mem 0x91cd6000-0x91cd6fff] usable ==> reserved
Jun  9 14:07:02 mohammad-ROG-Strix-G512LI-G512LI kernel: [    0.010054] e820: update [mem 0x91cd5000-0x91cd5fff] usable ==> reserved
Jun  9 14:07:02 mohammad-ROG-Strix-G512LI-G512LI kernel: [    0.010065] Using GB pages for direct mapping
Jun  9 14:07:02 mohammad-ROG-Strix-G512LI-G512LI kernel: [    0.010335] secureboot: Secure boot disabled
Jun  9 14:07:02 mohammad-ROG-Strix-G512LI-G512LI kernel: [    0.010335] RAMDISK: [mem 0x85cb2000-0x8a916fff]
Jun  9 14:07:02 mohammad-ROG-Strix-G512LI-G512LI kernel: [    0.010339] ACPI: Early table checksum verification disabled
Jun  9 14:07:02 mohammad-ROG-Strix-G512LI-G512LI kernel: [    0.010342] ACPI: RSDP 0x00000000983ED014 000024 (v02 _ASUS_)
Jun  9 14:07:02 mohammad-ROG-Strix-G512LI-G512LI kernel: [    0.010344] ACPI: XSDT 0x00000000983EC728 0000EC (v01 _ASUS_ Notebook 01072009 AMI  01000013)
Jun  9 14:07:02 mohammad-ROG-Strix-G512LI-G512LI kernel: [    0.010348] ACPI: FACP 0x00000000983E0000 000114 (v06 _ASUS_ Notebook 01072009 AMI  00010013)
Jun  9 14:07:02 mohammad-ROG-Strix-G512LI-G512LI kernel: [    0.010352] ACPI: DSDT 0x0000000098399000 046AC5 (v02 _ASUS_ Notebook 01072009 INTL 20160527)
Jun  9 14:07:02 mohammad-ROG-Strix-G512LI-G512LI kernel: [    0.010354] ACPI: FACS 0x0000000098619000 000040
Jun  9 14:07:02 mohammad-ROG-Strix-G512LI-G512LI kernel: [    0.010356] ACPI: MCFG 0x00000000983EB000 00003C (v01 _ASUS_ Notebook 01072009 MSFT 00000097)
Jun  9 14:07:02 mohammad-ROG-Strix-G512LI-G512LI kernel: [    0.010358] ACPI: SSDT 0x00000000983E8000 0020AD (v02 CpuRef CpuSsdt  00003000 INTL 20160527)
Jun  9 14:07:02 mohammad-ROG-Strix-G512LI-G512LI kernel: [    0.010360] ACPI: SSDT 0x00000000983E7000 000A52 (v02 PmRef  ItbmSci  00003000 INTL 20160527)
Jun  9 14:07:02 mohammad-ROG-Strix-G512LI-G512LI kernel: [    0.010362] ACPI: SSDT 0x00000000983E1000 005905 (v02 DptfTa DptfTabl 00001000 INTL 20160527)
Jun  9 14:07:02 mohammad-ROG-Strix-G512LI-G512LI kernel: [    0.010364] ACPI: FIDT 0x0000000098398000 00009C (v01 _ASUS_ Notebook 01072009 AMI  00010013)
Jun  9 14:07:02 mohammad-ROG-Strix-G512LI-G512LI kernel: [    0.010366] ACPI: ECDT 0x0000000098397000 0000C1 (v01 _ASUS_ Notebook 01072009 AMI. 00000005)
Jun  9 14:07:02 mohammad-ROG-Strix-G512LI-G512LI kernel: [    0.010368] ACPI: SSDT 0x0000000098396000 00010B (v01 Intel_ UsbCTabl 00001000 INTL 20160527)
Jun  9 14:07:02 mohammad-ROG-Strix-G512LI-G512LI kernel: [    0.010371] ACPI: SSDT 0x0000000098392000 0031DA (v02 SaSsdt SaSsdt   00003000 INTL 20160527)
Jun  9 14:07:02 mohammad-ROG-Strix-G512LI-G512LI kernel: [    0.010373] ACPI: SSDT 0x000000009838F000 0027C1 (v02 Intel  PegSsdt  00001000 INTL 20160527)
Jun  9 14:07:02 mohammad-ROG-Strix-G512LI-G512LI kernel: [    0.010375] ACPI: HPET 0x000000009838E000 000038 (v01 _ASUS_ Notebook 01072009 AMI  01000013)
Jun  9 14:07:02 mohammad-ROG-Strix-G512LI-G512LI kernel: [    0.010377] ACPI: SSDT 0x000000009838D000 000D57 (v02 _ASUS_ CflH_Rvp 00001000 INTL 20160527)
Jun  9 14:07:02 mohammad-ROG-Strix-G512LI-G512LI kernel: [    0.010378] ACPI: NHLT 0x000000009838C000 00002D (v00 _ASUS_ Notebook 01072009 AMI  01000013)
Jun  9 14:07:02 mohammad-ROG-Strix-G512LI-G512LI kernel: [    0.010380] ACPI: LPIT 0x000000009838B000 000094 (v01 _ASUS_ Notebook 01072009 AMI  01000013)
Jun  9 14:07:02 mohammad-ROG-Strix-G512LI-G512LI kernel: [    0.010382] ACPI: SSDT 0x0000000098387000 002720 (v02 _ASUS_ PtidDevc 00001000 INTL 20160527)
Jun  9 14:07:02 mohammad-ROG-Strix-G512LI-G512LI kernel: [    0.010384] ACPI: DBGP 0x0000000098386000 000034 (v01 _ASUS_ Notebook 01072009 AMI  01000013)
Jun  9 14:07:02 mohammad-ROG-Strix-G512LI-G512LI kernel: [    0.010386] ACPI: DBG2 0x0000000098385000 000054 (v00 _ASUS_ Notebook 01072009 AMI  01000013)
Jun  9 14:07:02 mohammad-ROG-Strix-G512LI-G512LI kernel: [    0.010388] ACPI: SSDT 0x0000000098383000 0000AE (v02 SgRef  SgPeg    00001000 INTL 20160527)
Jun  9 14:07:02 mohammad-ROG-Strix-G512LI-G512LI kernel: [    0.010390] ACPI: BGRT 0x0000000098382000 000038 (v01 _ASUS_ Notebook 01072009 AMI  00010013)
Jun  9 14:07:02 mohammad-ROG-Strix-G512LI-G512LI kernel: [    0.010392] ACPI: TPM2 0x0000000098381000 00004C (v04 _ASUS_ Notebook 00000001 AMI  00000000)
Jun  9 14:07:02 mohammad-ROG-Strix-G512LI-G512LI kernel: [    0.010394] ACPI: DMAR 0x0000000098384000 0000A8 (v01 INTEL  EDK2     00000002      01000013)
Jun  9 14:07:02 mohammad-ROG-Strix-G512LI-G512LI kernel: [    0.010396] ACPI: SSDT 0x000000009837E000 002360 (v01 OptRf1 Opt1Tabl 00001000 INTL 20160527)
Jun  9 14:07:02 mohammad-ROG-Strix-G512LI-G512LI kernel: [    0.010398] ACPI: WSMT 0x000000009838A000 000028 (v01 _ASUS_ Notebook 01072009 AMI  00010013)
Jun  9 14:07:02 mohammad-ROG-Strix-G512LI-G512LI kernel: [    0.010400] ACPI: APIC 0x000000009837D000 0000F4 (v04 _ASUS_ Notebook 01072009 AMI  00010013)
Jun  9 14:07:02 mohammad-ROG-Strix-G512LI-G512LI kernel: [    0.010402] ACPI: FPDT 0x000000009837C000 000044 (v01 _ASUS_ CML      01072009 AMI  01000013)
Jun  9 14:07:02 mohammad-ROG-Strix-G512LI-G512LI kernel: [    0.010404] ACPI: Reserving FACP table memory at [mem 0x983e0000-0x983e0113]
Jun  9 14:07:02 mohammad-ROG-Strix-G512LI-G512LI kernel: [    0.010405] ACPI: Reserving DSDT table memory at [mem 0x98399000-0x983dfac4]
Jun  9 14:07:02 mohammad-ROG-Strix-G512LI-G512LI kernel: [    0.010406] ACPI: Reserving FACS table memory at [mem 0x98619000-0x9861903f]
Jun  9 14:07:02 mohammad-ROG-Strix-G512LI-G512LI kernel: [    0.010406] ACPI: Reserving MCFG table memory at [mem 0x983eb000-0x983eb03b]
Jun  9 14:07:02 mohammad-ROG-Strix-G512LI-G512LI kernel: [    0.010407] ACPI: Reserving SSDT table memory at [mem 0x983e8000-0x983ea0ac]
Jun  9 14:07:02 mohammad-ROG-Strix-G512LI-G512LI kernel: [    0.010408] ACPI: Reserving SSDT table memory at [mem 0x983e7000-0x983e7a51]
Jun  9 14:07:02 mohammad-ROG-Strix-G512LI-G512LI kernel: [    0.010408] ACPI: Reserving SSDT table memory at [mem 0x983e1000-0x983e6904]
Jun  9 14:07:02 mohammad-ROG-Strix-G512LI-G512LI kernel: [    0.010409] ACPI: Reserving FIDT table memory at [mem 0x98398000-0x9839809b]
Jun  9 14:07:02 mohammad-ROG-Strix-G512LI-G512LI kernel: [    0.010410] ACPI: Reserving ECDT table memory at [mem 0x98397000-0x983970c0]
Jun  9 14:07:02 mohammad-ROG-Strix-G512LI-G512LI kernel: [    0.010410] ACPI: Reserving SSDT table memory at [mem 0x98396000-0x9839610a]
Jun  9 14:07:02 mohammad-ROG-Strix-G512LI-G512LI kernel: [    0.010411] ACPI: Reserving SSDT table memory at [mem 0x98392000-0x983951d9]
Jun  9 14:07:02 mohammad-ROG-Strix-G512LI-G512LI kernel: [    0.010412] ACPI: Reserving SSDT table memory at [mem 0x9838f000-0x983917c0]
Jun  9 14:07:02 mohammad-ROG-Strix-G512LI-G512LI kernel: [    0.010412] ACPI: Reserving HPET table memory at [mem 0x9838e000-0x9838e037]
Jun  9 14:07:02 mohammad-ROG-Strix-G512LI-G512LI kernel: [    0.010413] ACPI: Reserving SSDT table memory at [mem 0x9838d000-0x9838dd56]
Jun  9 14:07:02 mohammad-ROG-Strix-G512LI-G512LI kernel: [    0.010414] ACPI: Reserving NHLT table memory at [mem 0x9838c000-0x9838c02c]
Jun  9 14:07:02 mohammad-ROG-Strix-G512LI-G512LI kernel: [    0.010414] ACPI: Reserving LPIT table memory at [mem 0x9838b000-0x9838b093]
Jun  9 14:07:02 mohammad-ROG-Strix-G512LI-G512LI kernel: [    0.010415] ACPI: Reserving SSDT table memory at [mem 0x98387000-0x9838971f]
Jun  9 14:07:02 mohammad-ROG-Strix-G512LI-G512LI kernel: [    0.010416] ACPI: Reserving DBGP table memory at [mem 0x98386000-0x98386033]
Jun  9 14:07:02 mohammad-ROG-Strix-G512LI-G512LI kernel: [    0.010416] ACPI: Reserving DBG2 table memory at [mem 0x98385000-0x98385053]
Jun  9 14:07:02 mohammad-ROG-Strix-G512LI-G512LI kernel: [    0.010417] ACPI: Reserving SSDT table memory at [mem 0x98383000-0x983830ad]
Jun  9 14:07:02 mohammad-ROG-Strix-G512LI-G512LI kernel: [    0.010418] ACPI: Reserving BGRT table memory at [mem 0x98382000-0x98382037]
Jun  9 14:07:02 mohammad-ROG-Strix-G512LI-G512LI kernel: [    0.010418] ACPI: Reserving TPM2 table memory at [mem 0x98381000-0x9838104b]
Jun  9 14:07:02 mohammad-ROG-Strix-G512LI-G512LI kernel: [    0.010419] ACPI: Reserving DMAR table memory at [mem 0x98384000-0x983840a7]
Jun  9 14:07:02 mohammad-ROG-Strix-G512LI-G512LI kernel: [    0.010420] ACPI: Reserving SSDT table memory at [mem 0x9837e000-0x9838035f]
Jun  9 14:07:02 mohammad-ROG-Strix-G512LI-G512LI kernel: [    0.010421] ACPI: Reserving WSMT table memory at [mem 0x9838a000-0x9838a027]
Jun  9 14:07:02 mohammad-ROG-Strix-G512LI-G512LI kernel: [    0.010421] ACPI: Reserving APIC table memory at [mem 0x9837d000-0x9837d0f3]
Jun  9 14:07:02 mohammad-ROG-Strix-G512LI-G512LI kernel: [    0.010422] ACPI: Reserving FPDT table memory at [mem 0x9837c000-0x9837c043]
Jun  9 14:07:02 mohammad-ROG-Strix-G512LI-G512LI kernel: [    0.010713] No NUMA configuration found
Jun  9 14:07:02 mohammad-ROG-Strix-G512LI-G512LI kernel: [    0.010714] Faking a node at [mem 0x0000000000000000-0x000000085e7fffff]
Jun  9 14:07:02 mohammad-ROG-Strix-G512LI-G512LI kernel: [    0.010721] NODE_DATA(0) allocated [mem 0x85e7d6000-0x85e7fffff]
Jun  9 14:07:02 mohammad-ROG-Strix-G512LI-G512LI kernel: [    0.010893] Zone ranges:
Jun  9 14:07:02 mohammad-ROG-Strix-G512LI-G512LI kernel: [    0.010894]   DMA      [mem 0x0000000000001000-0x0000000000ffffff]
Jun  9 14:07:02 mohammad-ROG-Strix-G512LI-G512LI kernel: [    0.010895]   DMA32    [mem 0x0000000001000000-0x00000000ffffffff]
Jun  9 14:07:02 mohammad-ROG-Strix-G512LI-G512LI kernel: [    0.010896]   Normal   [mem 0x0000000100000000-0x000000085e7fffff]
Jun  9 14:07:02 mohammad-ROG-Strix-G512LI-G512LI kernel: [    0.010897]   Device   empty
Jun  9 14:07:02 mohammad-ROG-Strix-G512LI-G512LI kernel: [    0.010898] Movable zone start for each node
Jun  9 14:07:02 mohammad-ROG-Strix-G512LI-G512LI kernel: [    0.010900] Early memory node ranges
Jun  9 14:07:02 mohammad-ROG-Strix-G512LI-G512LI kernel: [    0.010900]   node   0: [mem 0x0000000000001000-0x000000000009dfff]
Jun  9 14:07:02 mohammad-ROG-Strix-G512LI-G512LI kernel: [    0.010901]   node   0: [mem 0x000000000009f000-0x000000000009ffff]
Jun  9 14:07:02 mohammad-ROG-Strix-G512LI-G512LI kernel: [    0.010901]   node   0: [mem 0x0000000000100000-0x0000000094366fff]
Jun  9 14:07:02 mohammad-ROG-Strix-G512LI-G512LI kernel: [    0.010902]   node   0: [mem 0x0000000098e4e000-0x0000000098e4efff]
Jun  9 14:07:02 mohammad-ROG-Strix-G512LI-G512LI kernel: [    0.010903]   node   0: [mem 0x0000000100000000-0x000000085e7fffff]
Jun  9 14:07:02 mohammad-ROG-Strix-G512LI-G512LI kernel: [    0.010905] Initmem setup node 0 [mem 0x0000000000001000-0x000000085e7fffff]
Jun  9 14:07:02 mohammad-ROG-Strix-G512LI-G512LI kernel: [    0.010908] On node 0, zone DMA: 1 pages in unavailable ranges
Jun  9 14:07:02 mohammad-ROG-Strix-G512LI-G512LI kernel: [    0.010909] On node 0, zone DMA: 1 pages in unavailable ranges
Jun  9 14:07:02 mohammad-ROG-Strix-G512LI-G512LI kernel: [    0.010922] On node 0, zone DMA: 96 pages in unavailable ranges
Jun  9 14:07:02 mohammad-ROG-Strix-G512LI-G512LI kernel: [    0.013561] On node 0, zone DMA32: 19175 pages in unavailable ranges
Jun  9 14:07:02 mohammad-ROG-Strix-G512LI-G512LI kernel: [    0.047815] On node 0, zone Normal: 29105 pages in unavailable ranges
Jun  9 14:07:02 mohammad-ROG-Strix-G512LI-G512LI kernel: [    0.047871] On node 0, zone Normal: 6144 pages in unavailable ranges
Jun  9 14:07:02 mohammad-ROG-Strix-G512LI-G512LI kernel: [    0.047896] Reserving Intel graphics memory at [mem 0x9b800000-0x9f7fffff]
Jun  9 14:07:02 mohammad-ROG-Strix-G512LI-G512LI kernel: [    0.048440] ACPI: PM-Timer IO Port: 0x1808
Jun  9 14:07:02 mohammad-ROG-Strix-G512LI-G512LI kernel: [    0.048445] ACPI: LAPIC_NMI (acpi_id[0x01] high edge lint[0x1])
Jun  9 14:07:02 mohammad-ROG-Strix-G512LI-G512LI kernel: [    0.048446] ACPI: LAPIC_NMI (acpi_id[0x02] high edge lint[0x1])
Jun  9 14:07:02 mohammad-ROG-Strix-G512LI-G512LI kernel: [    0.048447] ACPI: LAPIC_NMI (acpi_id[0x03] high edge lint[0x1])
Jun  9 14:07:02 mohammad-ROG-Strix-G512LI-G512LI kernel: [    0.048447] ACPI: LAPIC_NMI (acpi_id[0x04] high edge lint[0x1])
Jun  9 14:07:02 mohammad-ROG-Strix-G512LI-G512LI kernel: [    0.048448] ACPI: LAPIC_NMI (acpi_id[0x05] high edge lint[0x1])
Jun  9 14:07:02 mohammad-ROG-Strix-G512LI-G512LI kernel: [    0.048448] ACPI: LAPIC_NMI (acpi_id[0x06] high edge lint[0x1])
Jun  9 14:07:02 mohammad-ROG-Strix-G512LI-G512LI kernel: [    0.048449] ACPI: LAPIC_NMI (acpi_id[0x07] high edge lint[0x1])
Jun  9 14:07:02 mohammad-ROG-Strix-G512LI-G512LI kernel: [    0.048450] ACPI: LAPIC_NMI (acpi_id[0x08] high edge lint[0x1])
Jun  9 14:07:02 mohammad-ROG-Strix-G512LI-G512LI kernel: [    0.048450] ACPI: LAPIC_NMI (acpi_id[0x09] high edge lint[0x1])
Jun  9 14:07:02 mohammad-ROG-Strix-G512LI-G512LI kernel: [    0.048451] ACPI: LAPIC_NMI (acpi_id[0x0a] high edge lint[0x1])
Jun  9 14:07:02 mohammad-ROG-Strix-G512LI-G512LI kernel: [    0.048451] ACPI: LAPIC_NMI (acpi_id[0x0b] high edge lint[0x1])
Jun  9 14:07:02 mohammad-ROG-Strix-G512LI-G512LI kernel: [    0.048452] ACPI: LAPIC_NMI (acpi_id[0x0c] high edge lint[0x1])
Jun  9 14:07:02 mohammad-ROG-Strix-G512LI-G512LI kernel: [    0.048486] IOAPIC[0]: apic_id 2, version 32, address 0xfec00000, GSI 0-119
Jun  9 14:07:02 mohammad-ROG-Strix-G512LI-G512LI kernel: [    0.048488] ACPI: INT_SRC_OVR (bus 0 bus_irq 0 global_irq 2 dfl dfl)
Jun  9 14:07:02 mohammad-ROG-Strix-G512LI-G512LI kernel: [    0.048489] ACPI: INT_SRC_OVR (bus 0 bus_irq 9 global_irq 9 high level)
Jun  9 14:07:02 mohammad-ROG-Strix-G512LI-G512LI kernel: [    0.048492] ACPI: Using ACPI (MADT) for SMP configuration information
Jun  9 14:07:02 mohammad-ROG-Strix-G512LI-G512LI kernel: [    0.048492] ACPI: HPET id: 0x8086a201 base: 0xfed00000
Jun  9 14:07:02 mohammad-ROG-Strix-G512LI-G512LI kernel: [    0.048497] e820: update [mem 0x91b32000-0x91b90fff] usable ==> reserved
Jun  9 14:07:02 mohammad-ROG-Strix-G512LI-G512LI kernel: [    0.048504] TSC deadline timer available
Jun  9 14:07:02 mohammad-ROG-Strix-G512LI-G512LI kernel: [    0.048505] smpboot: Allowing 12 CPUs, 0 hotplug CPUs
Jun  9 14:07:02 mohammad-ROG-Strix-G512LI-G512LI kernel: [    0.048518] PM: hibernation: Registered nosave memory: [mem 0x00000000-0x00000fff]
Jun  9 14:07:02 mohammad-ROG-Strix-G512LI-G512LI kernel: [    0.048520] PM: hibernation: Registered nosave memory: [mem 0x0009e000-0x0009efff]
Jun  9 14:07:02 mohammad-ROG-Strix-G512LI-G512LI kernel: [    0.048521] PM: hibernation: Registered nosave memory: [mem 0x000a0000-0x000fffff]
Jun  9 14:07:02 mohammad-ROG-Strix-G512LI-G512LI kernel: [    0.048522] PM: hibernation: Registered nosave memory: [mem 0x91b32000-0x91b90fff]
Jun  9 14:07:02 mohammad-ROG-Strix-G512LI-G512LI kernel: [    0.048523] PM: hibernation: Registered nosave memory: [mem 0x91cd5000-0x91cd6fff]
Jun  9 14:07:02 mohammad-ROG-Strix-G512LI-G512LI kernel: [    0.048525] PM: hibernation: Registered nosave memory: [mem 0x94367000-0x982bdfff]
Jun  9 14:07:02 mohammad-ROG-Strix-G512LI-G512LI kernel: [    0.048525] PM: hibernation: Registered nosave memory: [mem 0x982be000-0x983edfff]
Jun  9 14:07:02 mohammad-ROG-Strix-G512LI-G512LI kernel: [    0.048526] PM: hibernation: Registered nosave memory: [mem 0x983ee000-0x9861afff]
Jun  9 14:07:02 mohammad-ROG-Strix-G512LI-G512LI kernel: [    0.048526] PM: hibernation: Registered nosave memory: [mem 0x9861b000-0x98e4dfff]
Jun  9 14:07:02 mohammad-ROG-Strix-G512LI-G512LI kernel: [    0.048527] PM: hibernation: Registered nosave memory: [mem 0x98e4f000-0x9f7fffff]
Jun  9 14:07:02 mohammad-ROG-Strix-G512LI-G512LI kernel: [    0.048528] PM: hibernation: Registered nosave memory: [mem 0x9f800000-0xdfffffff]
Jun  9 14:07:02 mohammad-ROG-Strix-G512LI-G512LI kernel: [    0.048528] PM: hibernation: Registered nosave memory: [mem 0xe0000000-0xefffffff]
Jun  9 14:07:02 mohammad-ROG-Strix-G512LI-G512LI kernel: [    0.048529] PM: hibernation: Registered nosave memory: [mem 0xf0000000-0xfdffffff]
Jun  9 14:07:02 mohammad-ROG-Strix-G512LI-G512LI kernel: [    0.048529] PM: hibernation: Registered nosave memory: [mem 0xfe000000-0xfe010fff]
Jun  9 14:07:02 mohammad-ROG-Strix-G512LI-G512LI kernel: [    0.048530] PM: hibernation: Registered nosave memory: [mem 0xfe011000-0xfebfffff]
Jun  9 14:07:02 mohammad-ROG-Strix-G512LI-G512LI kernel: [    0.048531] PM: hibernation: Registered nosave memory: [mem 0xfec00000-0xfec00fff]
Jun  9 14:07:02 mohammad-ROG-Strix-G512LI-G512LI kernel: [    0.048531] PM: hibernation: Registered nosave memory: [mem 0xfec01000-0xfecfffff]
Jun  9 14:07:02 mohammad-ROG-Strix-G512LI-G512LI kernel: [    0.048532] PM: hibernation: Registered nosave memory: [mem 0xfed00000-0xfed03fff]
Jun  9 14:07:02 mohammad-ROG-Strix-G512LI-G512LI kernel: [    0.048532] PM: hibernation: Registered nosave memory: [mem 0xfed04000-0xfedfffff]
Jun  9 14:07:02 mohammad-ROG-Strix-G512LI-G512LI kernel: [    0.048533] PM: hibernation: Registered nosave memory: [mem 0xfee00000-0xfee00fff]
Jun  9 14:07:02 mohammad-ROG-Strix-G512LI-G512LI kernel: [    0.048533] PM: hibernation: Registered nosave memory: [mem 0xfee01000-0xfeffffff]
Jun  9 14:07:02 mohammad-ROG-Strix-G512LI-G512LI kernel: [    0.048534] PM: hibernation: Registered nosave memory: [mem 0xff000000-0xffffffff]
Jun  9 14:07:02 mohammad-ROG-Strix-G512LI-G512LI kernel: [    0.048535] [mem 0x9f800000-0xdfffffff] available for PCI devices
Jun  9 14:07:02 mohammad-ROG-Strix-G512LI-G512LI kernel: [    0.048536] Booting paravirtualized kernel on bare hardware
Jun  9 14:07:02 mohammad-ROG-Strix-G512LI-G512LI kernel: [    0.048537] clocksource: refined-jiffies: mask: 0xffffffff max_cycles: 0xffffffff, max_idle_ns: 7645519600211568 ns
Jun  9 14:07:02 mohammad-ROG-Strix-G512LI-G512LI kernel: [    0.048542] setup_percpu: NR_CPUS:8192 nr_cpumask_bits:12 nr_cpu_ids:12 nr_node_ids:1
Jun  9 14:07:02 mohammad-ROG-Strix-G512LI-G512LI kernel: [    0.048743] percpu: Embedded 61 pages/cpu s212992 r8192 d28672 u262144
Jun  9 14:07:02 mohammad-ROG-Strix-G512LI-G512LI kernel: [    0.048748] pcpu-alloc: s212992 r8192 d28672 u262144 alloc=1*2097152
Jun  9 14:07:02 mohammad-ROG-Strix-G512LI-G512LI kernel: [    0.048749] pcpu-alloc: [0] 00 01 02 03 04 05 06 07 [0] 08 09 10 11 -- -- -- -- 
Jun  9 14:07:02 mohammad-ROG-Strix-G512LI-G512LI kernel: [    0.048773] Built 1 zonelists, mobility grouping on.  Total pages: 8203706
Jun  9 14:07:02 mohammad-ROG-Strix-G512LI-G512LI kernel: [    0.048774] Policy zone: Normal
Jun  9 14:07:02 mohammad-ROG-Strix-G512LI-G512LI kernel: [    0.048775] Kernel command line: BOOT_IMAGE=/boot/vmlinuz-5.15.0-105-generic root=UUID=b363322f-bf31-4be1-acc7-1d6e10226b72 ro quiet splash vt.handoff=7
Jun  9 14:07:02 mohammad-ROG-Strix-G512LI-G512LI kernel: [    0.048834] Unknown kernel command line parameters "splash BOOT_IMAGE=/boot/vmlinuz-5.15.0-105-generic", will be passed to user space.
Jun  9 14:07:02 mohammad-ROG-Strix-G512LI-G512LI kernel: [    0.049831] Dentry cache hash table entries: 4194304 (order: 13, 33554432 bytes, linear)
Jun  9 14:07:02 mohammad-ROG-Strix-G512LI-G512LI kernel: [    0.050356] Inode-cache hash table entries: 2097152 (order: 12, 16777216 bytes, linear)
Jun  9 14:07:02 mohammad-ROG-Strix-G512LI-G512LI kernel: [    0.050470] mem auto-init: stack:off, heap alloc:on, heap free:off
Jun  9 14:07:02 mohammad-ROG-Strix-G512LI-G512LI kernel: [    0.107095] Memory: 32411308K/33336344K available (16393K kernel code, 4390K rwdata, 10856K rodata, 3356K init, 18720K bss, 924776K reserved, 0K cma-reserved)
Jun  9 14:07:02 mohammad-ROG-Strix-G512LI-G512LI kernel: [    0.107196] SLUB: HWalign=64, Order=0-3, MinObjects=0, CPUs=12, Nodes=1
Jun  9 14:07:02 mohammad-ROG-Strix-G512LI-G512LI kernel: [    0.107213] ftrace: allocating 50199 entries in 197 pages
Jun  9 14:07:02 mohammad-ROG-Strix-G512LI-G512LI kernel: [    0.123987] ftrace: allocated 197 pages with 4 groups
Jun  9 14:07:02 mohammad-ROG-Strix-G512LI-G512LI kernel: [    0.124060] rcu: Hierarchical RCU implementation.
Jun  9 14:07:02 mohammad-ROG-Strix-G512LI-G512LI kernel: [    0.124061] rcu: 	RCU restricting CPUs from NR_CPUS=8192 to nr_cpu_ids=12.
Jun  9 14:07:02 mohammad-ROG-Strix-G512LI-G512LI kernel: [    0.124062] 	Rude variant of Tasks RCU enabled.
Jun  9 14:07:02 mohammad-ROG-Strix-G512LI-G512LI kernel: [    0.124062] 	Tracing variant of Tasks RCU enabled.
Jun  9 14:07:02 mohammad-ROG-Strix-G512LI-G512LI kernel: [    0.124063] rcu: RCU calculated value of scheduler-enlistment delay is 25 jiffies.
Jun  9 14:07:02 mohammad-ROG-Strix-G512LI-G512LI kernel: [    0.124064] rcu: Adjusting geometry for rcu_fanout_leaf=16, nr_cpu_ids=12
Jun  9 14:07:02 mohammad-ROG-Strix-G512LI-G512LI kernel: [    0.126829] NR_IRQS: 524544, nr_irqs: 2152, preallocated irqs: 16
Jun  9 14:07:02 mohammad-ROG-Strix-G512LI-G512LI kernel: [    0.127253] Console: colour dummy device 80x25
Jun  9 14:07:02 mohammad-ROG-Strix-G512LI-G512LI kernel: [    0.127265] printk: console [tty0] enabled
Jun  9 14:07:02 mohammad-ROG-Strix-G512LI-G512LI kernel: [    0.127277] ACPI: Core revision 20210730
Jun  9 14:07:02 mohammad-ROG-Strix-G512LI-G512LI kernel: [    0.127446] hpet: HPET dysfunctional in PC10. Force disabled.
Jun  9 14:07:02 mohammad-ROG-Strix-G512LI-G512LI kernel: [    0.127447] APIC: Switch to symmetric I/O mode setup
Jun  9 14:07:02 mohammad-ROG-Strix-G512LI-G512LI kernel: [    0.127448] DMAR: Host address width 39
Jun  9 14:07:02 mohammad-ROG-Strix-G512LI-G512LI kernel: [    0.127449] DMAR: DRHD base: 0x000000fed90000 flags: 0x0
Jun  9 14:07:02 mohammad-ROG-Strix-G512LI-G512LI kernel: [    0.127452] DMAR: dmar0: reg_base_addr fed90000 ver 1:0 cap 1c0000c40660462 ecap 19e2ff0505e
Jun  9 14:07:02 mohammad-ROG-Strix-G512LI-G512LI kernel: [    0.127454] DMAR: DRHD base: 0x000000fed91000 flags: 0x1
Jun  9 14:07:02 mohammad-ROG-Strix-G512LI-G512LI kernel: [    0.127456] DMAR: dmar1: reg_base_addr fed91000 ver 1:0 cap d2008c40660462 ecap f050da
Jun  9 14:07:02 mohammad-ROG-Strix-G512LI-G512LI kernel: [    0.127457] DMAR: RMRR base: 0x000000987fd000 end: 0x00000098a46fff
Jun  9 14:07:02 mohammad-ROG-Strix-G512LI-G512LI kernel: [    0.127458] DMAR: RMRR base: 0x0000009b000000 end: 0x0000009f7fffff
Jun  9 14:07:02 mohammad-ROG-Strix-G512LI-G512LI kernel: [    0.127460] DMAR-IR: IOAPIC id 2 under DRHD base  0xfed91000 IOMMU 1
Jun  9 14:07:02 mohammad-ROG-Strix-G512LI-G512LI kernel: [    0.127460] DMAR-IR: HPET id 0 under DRHD base 0xfed91000
Jun  9 14:07:02 mohammad-ROG-Strix-G512LI-G512LI kernel: [    0.127461] DMAR-IR: Queued invalidation will be enabled to support x2apic and Intr-remapping.
Jun  9 14:07:02 mohammad-ROG-Strix-G512LI-G512LI kernel: [    0.129144] DMAR-IR: Enabled IRQ remapping in x2apic mode
Jun  9 14:07:02 mohammad-ROG-Strix-G512LI-G512LI kernel: [    0.129146] x2apic enabled
Jun  9 14:07:02 mohammad-ROG-Strix-G512LI-G512LI kernel: [    0.129170] Switched APIC routing to cluster x2apic.
Jun  9 14:07:02 mohammad-ROG-Strix-G512LI-G512LI kernel: [    0.133740] clocksource: tsc-early: mask: 0xffffffffffffffff max_cycles: 0x257a34a6eea, max_idle_ns: 440795264358 ns
Jun  9 14:07:02 mohammad-ROG-Strix-G512LI-G512LI kernel: [    0.133746] Calibrating delay loop (skipped), value calculated using timer frequency.. 5199.98 BogoMIPS (lpj=10399968)
Jun  9 14:07:02 mohammad-ROG-Strix-G512LI-G512LI kernel: [    0.133758] x86/cpu: SGX disabled by BIOS.
Jun  9 14:07:02 mohammad-ROG-Strix-G512LI-G512LI kernel: [    0.133763] CPU0: Thermal monitoring enabled (TM1)
Jun  9 14:07:02 mohammad-ROG-Strix-G512LI-G512LI kernel: [    0.133796] process: using mwait in idle threads
Jun  9 14:07:02 mohammad-ROG-Strix-G512LI-G512LI kernel: [    0.133797] Last level iTLB entries: 4KB 64, 2MB 8, 4MB 8
Jun  9 14:07:02 mohammad-ROG-Strix-G512LI-G512LI kernel: [    0.133798] Last level dTLB entries: 4KB 64, 2MB 0, 4MB 0, 1GB 4
Jun  9 14:07:02 mohammad-ROG-Strix-G512LI-G512LI kernel: [    0.133800] Spectre V1 : Mitigation: usercopy/swapgs barriers and __user pointer sanitization
Jun  9 14:07:02 mohammad-ROG-Strix-G512LI-G512LI kernel: [    0.133801] Spectre V2 : Mitigation: Enhanced IBRS
Jun  9 14:07:02 mohammad-ROG-Strix-G512LI-G512LI kernel: [    0.133801] Spectre V2 : Spectre v2 / SpectreRSB mitigation: Filling RSB on context switch
Jun  9 14:07:02 mohammad-ROG-Strix-G512LI-G512LI kernel: [    0.133802] Spectre V2 : Spectre v2 / PBRSB-eIBRS: Retire a single CALL on VMEXIT
Jun  9 14:07:02 mohammad-ROG-Strix-G512LI-G512LI kernel: [    0.133802] RETBleed: Mitigation: Enhanced IBRS
Jun  9 14:07:02 mohammad-ROG-Strix-G512LI-G512LI kernel: [    0.133803] Spectre V2 : mitigation: Enabling conditional Indirect Branch Prediction Barrier
Jun  9 14:07:02 mohammad-ROG-Strix-G512LI-G512LI kernel: [    0.133804] Speculative Store Bypass: Mitigation: Speculative Store Bypass disabled via prctl and seccomp
Jun  9 14:07:02 mohammad-ROG-Strix-G512LI-G512LI kernel: [    0.133806] MMIO Stale Data: Mitigation: Clear CPU buffers
Jun  9 14:07:02 mohammad-ROG-Strix-G512LI-G512LI kernel: [    0.133807] SRBDS: Mitigation: Microcode
Jun  9 14:07:02 mohammad-ROG-Strix-G512LI-G512LI kernel: [    0.133808] GDS: Mitigation: Microcode
Jun  9 14:07:02 mohammad-ROG-Strix-G512LI-G512LI kernel: [    0.133815] x86/fpu: Supporting XSAVE feature 0x001: 'x87 floating point registers'
Jun  9 14:07:02 mohammad-ROG-Strix-G512LI-G512LI kernel: [    0.133815] x86/fpu: Supporting XSAVE feature 0x002: 'SSE registers'
Jun  9 14:07:02 mohammad-ROG-Strix-G512LI-G512LI kernel: [    0.133816] x86/fpu: Supporting XSAVE feature 0x004: 'AVX registers'
Jun  9 14:07:02 mohammad-ROG-Strix-G512LI-G512LI kernel: [    0.133816] x86/fpu: Supporting XSAVE feature 0x008: 'MPX bounds registers'
Jun  9 14:07:02 mohammad-ROG-Strix-G512LI-G512LI kernel: [    0.133817] x86/fpu: Supporting XSAVE feature 0x010: 'MPX CSR'
Jun  9 14:07:02 mohammad-ROG-Strix-G512LI-G512LI kernel: [    0.133817] x86/fpu: Supporting XSAVE feature 0x200: 'Protection Keys User registers'
Jun  9 14:07:02 mohammad-ROG-Strix-G512LI-G512LI kernel: [    0.133819] x86/fpu: xstate_offset[2]:  576, xstate_sizes[2]:  256
Jun  9 14:07:02 mohammad-ROG-Strix-G512LI-G512LI kernel: [    0.133820] x86/fpu: xstate_offset[3]:  832, xstate_sizes[3]:   64
Jun  9 14:07:02 mohammad-ROG-Strix-G512LI-G512LI kernel: [    0.133820] x86/fpu: xstate_offset[4]:  896, xstate_sizes[4]:   64
Jun  9 14:07:02 mohammad-ROG-Strix-G512LI-G512LI kernel: [    0.133821] x86/fpu: xstate_offset[9]:  960, xstate_sizes[9]:    8
Jun  9 14:07:02 mohammad-ROG-Strix-G512LI-G512LI kernel: [    0.133821] x86/fpu: Enabled xstate features 0x21f, context size is 968 bytes, using 'compacted' format.
Jun  9 14:07:02 mohammad-ROG-Strix-G512LI-G512LI kernel: [    0.137743] Freeing SMP alternatives memory: 44K
Jun  9 14:07:02 mohammad-ROG-Strix-G512LI-G512LI kernel: [    0.137743] pid_max: default: 32768 minimum: 301
Jun  9 14:07:02 mohammad-ROG-Strix-G512LI-G512LI kernel: [    0.137743] LSM: Security Framework initializing
Jun  9 14:07:02 mohammad-ROG-Strix-G512LI-G512LI kernel: [    0.137743] landlock: Up and running.
Jun  9 14:07:02 mohammad-ROG-Strix-G512LI-G512LI kernel: [    0.137743] Yama: becoming mindful.
Jun  9 14:07:02 mohammad-ROG-Strix-G512LI-G512LI kernel: [    0.137743] AppArmor: AppArmor initialized
Jun  9 14:07:02 mohammad-ROG-Strix-G512LI-G512LI kernel: [    0.137743] Mount-cache hash table entries: 65536 (order: 7, 524288 bytes, linear)
Jun  9 14:07:02 mohammad-ROG-Strix-G512LI-G512LI kernel: [    0.137743] Mountpoint-cache hash table entries: 65536 (order: 7, 524288 bytes, linear)
Jun  9 14:07:02 mohammad-ROG-Strix-G512LI-G512LI kernel: [    0.137743] smpboot: Estimated ratio of average max frequency by base frequency (times 1024): 1811
Jun  9 14:07:02 mohammad-ROG-Strix-G512LI-G512LI kernel: [    0.137743] smpboot: CPU0: Intel(R) Core(TM) i7-10750H CPU @ 2.60GHz (family: 0x6, model: 0xa5, stepping: 0x2)
Jun  9 14:07:02 mohammad-ROG-Strix-G512LI-G512LI kernel: [    0.137743] Performance Events: PEBS fmt3+, Skylake events, 32-deep LBR, full-width counters, Intel PMU driver.
Jun  9 14:07:02 mohammad-ROG-Strix-G512LI-G512LI kernel: [    0.137743] ... version:                4
Jun  9 14:07:02 mohammad-ROG-Strix-G512LI-G512LI kernel: [    0.137743] ... bit width:              48
Jun  9 14:07:02 mohammad-ROG-Strix-G512LI-G512LI kernel: [    0.137743] ... generic registers:      4
Jun  9 14:07:02 mohammad-ROG-Strix-G512LI-G512LI kernel: [    0.137743] ... value mask:             0000ffffffffffff
Jun  9 14:07:02 mohammad-ROG-Strix-G512LI-G512LI kernel: [    0.137743] ... max period:             00007fffffffffff
Jun  9 14:07:02 mohammad-ROG-Strix-G512LI-G512LI kernel: [    0.137743] ... fixed-purpose events:   3
Jun  9 14:07:02 mohammad-ROG-Strix-G512LI-G512LI kernel: [    0.137743] ... event mask:             000000070000000f
Jun  9 14:07:02 mohammad-ROG-Strix-G512LI-G512LI kernel: [    0.137743] signal: max sigframe size: 3632
Jun  9 14:07:02 mohammad-ROG-Strix-G512LI-G512LI kernel: [    0.137743] rcu: Hierarchical SRCU implementation.
Jun  9 14:07:02 mohammad-ROG-Strix-G512LI-G512LI kernel: [    0.137743] NMI watchdog: Enabled. Permanently consumes one hw-PMU counter.
Jun  9 14:07:02 mohammad-ROG-Strix-G512LI-G512LI kernel: [    0.137743] smp: Bringing up secondary CPUs ...
Jun  9 14:07:02 mohammad-ROG-Strix-G512LI-G512LI kernel: [    0.137743] x86: Booting SMP configuration:
Jun  9 14:07:02 mohammad-ROG-Strix-G512LI-G512LI kernel: [    0.137743] .... node  #0, CPUs:        #1
Jun  9 14:07:02 mohammad-ROG-Strix-G512LI-G512LI kernel: [    0.010520] [Firmware Bug]: TSC ADJUST differs within socket(s), fixing all errors
Jun  9 14:07:02 mohammad-ROG-Strix-G512LI-G512LI kernel: [    0.139070]   #2  #3  #4  #5  #6
Jun  9 14:07:02 mohammad-ROG-Strix-G512LI-G512LI kernel: [    0.143084] MMIO Stale Data CPU bug present and SMT on, data leak possible. See https://www.kernel.org/doc/html/latest/admin-guide/hw-vuln/processor_mmio_stale_data.html for more details.
Jun  9 14:07:02 mohammad-ROG-Strix-G512LI-G512LI kernel: [    0.143084]   #7  #8  #9 #10 #11
Jun  9 14:07:02 mohammad-ROG-Strix-G512LI-G512LI kernel: [    0.146167] smp: Brought up 1 node, 12 CPUs
Jun  9 14:07:02 mohammad-ROG-Strix-G512LI-G512LI kernel: [    0.146167] smpboot: Max logical packages: 1
Jun  9 14:07:02 mohammad-ROG-Strix-G512LI-G512LI kernel: [    0.146167] smpboot: Total of 12 processors activated (62399.80 BogoMIPS)
Jun  9 14:07:02 mohammad-ROG-Strix-G512LI-G512LI kernel: [    0.150656] devtmpfs: initialized
Jun  9 14:07:02 mohammad-ROG-Strix-G512LI-G512LI kernel: [    0.150656] x86/mm: Memory block size: 128MB
Jun  9 14:07:02 mohammad-ROG-Strix-G512LI-G512LI kernel: [    0.150966] ACPI: PM: Registering ACPI NVS region [mem 0x983ee000-0x9861afff] (2281472 bytes)
Jun  9 14:07:02 mohammad-ROG-Strix-G512LI-G512LI kernel: [    0.150966] clocksource: jiffies: mask: 0xffffffff max_cycles: 0xffffffff, max_idle_ns: 7645041785100000 ns
Jun  9 14:07:02 mohammad-ROG-Strix-G512LI-G512LI kernel: [    0.150966] futex hash table entries: 4096 (order: 6, 262144 bytes, linear)
Jun  9 14:07:02 mohammad-ROG-Strix-G512LI-G512LI kernel: [    0.150966] pinctrl core: initialized pinctrl subsystem
Jun  9 14:07:02 mohammad-ROG-Strix-G512LI-G512LI kernel: [    0.150966] PM: RTC time: 10:36:54, date: 2024-06-09
Jun  9 14:07:02 mohammad-ROG-Strix-G512LI-G512LI kernel: [    0.150966] NET: Registered PF_NETLINK/PF_ROUTE protocol family
Jun  9 14:07:02 mohammad-ROG-Strix-G512LI-G512LI kernel: [    0.150966] DMA: preallocated 4096 KiB GFP_KERNEL pool for atomic allocations
Jun  9 14:07:02 mohammad-ROG-Strix-G512LI-G512LI kernel: [    0.150966] DMA: preallocated 4096 KiB GFP_KERNEL|GFP_DMA pool for atomic allocations
Jun  9 14:07:02 mohammad-ROG-Strix-G512LI-G512LI kernel: [    0.150966] DMA: preallocated 4096 KiB GFP_KERNEL|GFP_DMA32 pool for atomic allocations
Jun  9 14:07:02 mohammad-ROG-Strix-G512LI-G512LI kernel: [    0.150966] audit: initializing netlink subsys (disabled)
Jun  9 14:07:02 mohammad-ROG-Strix-G512LI-G512LI kernel: [    0.150966] audit: type=2000 audit(1717929414.016:1): state=initialized audit_enabled=0 res=1
Jun  9 14:07:02 mohammad-ROG-Strix-G512LI-G512LI kernel: [    0.150966] thermal_sys: Registered thermal governor 'fair_share'
Jun  9 14:07:02 mohammad-ROG-Strix-G512LI-G512LI kernel: [    0.150966] thermal_sys: Registered thermal governor 'bang_bang'
Jun  9 14:07:02 mohammad-ROG-Strix-G512LI-G512LI kernel: [    0.150966] thermal_sys: Registered thermal governor 'step_wise'
Jun  9 14:07:02 mohammad-ROG-Strix-G512LI-G512LI kernel: [    0.150966] thermal_sys: Registered thermal governor 'user_space'
Jun  9 14:07:02 mohammad-ROG-Strix-G512LI-G512LI kernel: [    0.150966] thermal_sys: Registered thermal governor 'power_allocator'
Jun  9 14:07:02 mohammad-ROG-Strix-G512LI-G512LI kernel: [    0.150966] EISA bus registered
Jun  9 14:07:02 mohammad-ROG-Strix-G512LI-G512LI kernel: [    0.150966] cpuidle: using governor ladder
Jun  9 14:07:02 mohammad-ROG-Strix-G512LI-G512LI kernel: [    0.150966] cpuidle: using governor menu
Jun  9 14:07:02 mohammad-ROG-Strix-G512LI-G512LI kernel: [    0.150966] ACPI: bus type PCI registered
Jun  9 14:07:02 mohammad-ROG-Strix-G512LI-G512LI kernel: [    0.150966] acpiphp: ACPI Hot Plug PCI Controller Driver version: 0.5
Jun  9 14:07:02 mohammad-ROG-Strix-G512LI-G512LI kernel: [    0.150966] PCI: MMCONFIG for domain 0000 [bus 00-ff] at [mem 0xe0000000-0xefffffff] (base 0xe0000000)
Jun  9 14:07:02 mohammad-ROG-Strix-G512LI-G512LI kernel: [    0.150966] PCI: MMCONFIG at [mem 0xe0000000-0xefffffff] reserved in E820
Jun  9 14:07:02 mohammad-ROG-Strix-G512LI-G512LI kernel: [    0.150966] PCI: Using configuration type 1 for base access
Jun  9 14:07:02 mohammad-ROG-Strix-G512LI-G512LI kernel: [    0.150966] ENERGY_PERF_BIAS: Set to 'normal', was 'performance'
Jun  9 14:07:02 mohammad-ROG-Strix-G512LI-G512LI kernel: [    0.154424] kprobes: kprobe jump-optimization is enabled. All kprobes are optimized if possible.
Jun  9 14:07:02 mohammad-ROG-Strix-G512LI-G512LI kernel: [    0.154427] HugeTLB registered 1.00 GiB page size, pre-allocated 0 pages
Jun  9 14:07:02 mohammad-ROG-Strix-G512LI-G512LI kernel: [    0.154427] HugeTLB registered 2.00 MiB page size, pre-allocated 0 pages
Jun  9 14:07:02 mohammad-ROG-Strix-G512LI-G512LI kernel: [    0.154427] fbcon: Taking over console
Jun  9 14:07:02 mohammad-ROG-Strix-G512LI-G512LI kernel: [    0.154427] ACPI: Added _OSI(Module Device)
Jun  9 14:07:02 mohammad-ROG-Strix-G512LI-G512LI kernel: [    0.154427] ACPI: Added _OSI(Processor Device)
Jun  9 14:07:02 mohammad-ROG-Strix-G512LI-G512LI kernel: [    0.154427] ACPI: Added _OSI(3.0 _SCP Extensions)
Jun  9 14:07:02 mohammad-ROG-Strix-G512LI-G512LI kernel: [    0.154427] ACPI: Added _OSI(Processor Aggregator Device)
Jun  9 14:07:02 mohammad-ROG-Strix-G512LI-G512LI kernel: [    0.154427] ACPI: Added _OSI(Linux-Dell-Video)
Jun  9 14:07:02 mohammad-ROG-Strix-G512LI-G512LI kernel: [    0.154427] ACPI: Added _OSI(Linux-Lenovo-NV-HDMI-Audio)
Jun  9 14:07:02 mohammad-ROG-Strix-G512LI-G512LI kernel: [    0.154427] ACPI: Added _OSI(Linux-HPI-Hybrid-Graphics)
Jun  9 14:07:02 mohammad-ROG-Strix-G512LI-G512LI kernel: [    0.191413] ACPI: 11 ACPI AML tables successfully acquired and loaded
Jun  9 14:07:02 mohammad-ROG-Strix-G512LI-G512LI kernel: [    0.192568] ACPI: EC: EC started
Jun  9 14:07:02 mohammad-ROG-Strix-G512LI-G512LI kernel: [    0.192569] ACPI: EC: interrupt blocked
Jun  9 14:07:02 mohammad-ROG-Strix-G512LI-G512LI kernel: [    0.193550] ACPI: EC: EC_CMD/EC_SC=0x66, EC_DATA=0x62
Jun  9 14:07:02 mohammad-ROG-Strix-G512LI-G512LI kernel: [    0.193551] ACPI: EC: Boot ECDT EC used to handle transactions
Jun  9 14:07:02 mohammad-ROG-Strix-G512LI-G512LI kernel: [    0.201884] ACPI: Dynamic OEM Table Load:
Jun  9 14:07:02 mohammad-ROG-Strix-G512LI-G512LI kernel: [    0.201891] ACPI: SSDT 0xFFFF9AAC4021BC00 0000FC (v02 PmRef  Cpu0Psd  00003000 INTL 20160527)
Jun  9 14:07:02 mohammad-ROG-Strix-G512LI-G512LI kernel: [    0.202615] ACPI: \_SB_.PR00: _OSC native thermal LVT Acked
Jun  9 14:07:02 mohammad-ROG-Strix-G512LI-G512LI kernel: [    0.203733] ACPI: Dynamic OEM Table Load:
Jun  9 14:07:02 mohammad-ROG-Strix-G512LI-G512LI kernel: [    0.203737] ACPI: SSDT 0xFFFF9AAC41718000 000400 (v02 PmRef  Cpu0Cst  00003001 INTL 20160527)
Jun  9 14:07:02 mohammad-ROG-Strix-G512LI-G512LI kernel: [    0.204507] ACPI: Dynamic OEM Table Load:
Jun  9 14:07:02 mohammad-ROG-Strix-G512LI-G512LI kernel: [    0.204511] ACPI: SSDT 0xFFFF9AAC4172D800 000581 (v02 PmRef  Cpu0Ist  00003000 INTL 20160527)
Jun  9 14:07:02 mohammad-ROG-Strix-G512LI-G512LI kernel: [    0.205342] ACPI: Dynamic OEM Table Load:
Jun  9 14:07:02 mohammad-ROG-Strix-G512LI-G512LI kernel: [    0.205346] ACPI: SSDT 0xFFFF9AAC402C7000 00016C (v02 PmRef  Cpu0Hwp  00003000 INTL 20160527)
Jun  9 14:07:02 mohammad-ROG-Strix-G512LI-G512LI kernel: [    0.206085] ACPI: Dynamic OEM Table Load:
Jun  9 14:07:02 mohammad-ROG-Strix-G512LI-G512LI kernel: [    0.206089] ACPI: SSDT 0xFFFF9AAC4018E000 000BEA (v02 PmRef  HwpLvt   00003000 INTL 20160527)
Jun  9 14:07:02 mohammad-ROG-Strix-G512LI-G512LI kernel: [    0.206989] ACPI: Dynamic OEM Table Load:
Jun  9 14:07:02 mohammad-ROG-Strix-G512LI-G512LI kernel: [    0.206994] ACPI: SSDT 0xFFFF9AAC4172F000 000778 (v02 PmRef  ApIst    00003000 INTL 20160527)
Jun  9 14:07:02 mohammad-ROG-Strix-G512LI-G512LI kernel: [    0.207853] ACPI: Dynamic OEM Table Load:
Jun  9 14:07:02 mohammad-ROG-Strix-G512LI-G512LI kernel: [    0.207857] ACPI: SSDT 0xFFFF9AAC4171F000 0003D7 (v02 PmRef  ApHwp    00003000 INTL 20160527)
Jun  9 14:07:02 mohammad-ROG-Strix-G512LI-G512LI kernel: [    0.208698] ACPI: Dynamic OEM Table Load:
Jun  9 14:07:02 mohammad-ROG-Strix-G512LI-G512LI kernel: [    0.208702] ACPI: SSDT 0xFFFF9AAC4173A000 000D22 (v02 PmRef  ApPsd    00003000 INTL 20160527)
Jun  9 14:07:02 mohammad-ROG-Strix-G512LI-G512LI kernel: [    0.210050] ACPI: Dynamic OEM Table Load:
Jun  9 14:07:02 mohammad-ROG-Strix-G512LI-G512LI kernel: [    0.210054] ACPI: SSDT 0xFFFF9AAC4171A400 0003CA (v02 PmRef  ApCst    00003000 INTL 20160527)
Jun  9 14:07:02 mohammad-ROG-Strix-G512LI-G512LI kernel: [    0.214162] ACPI: Interpreter enabled
Jun  9 14:07:02 mohammad-ROG-Strix-G512LI-G512LI kernel: [    0.214188] ACPI: PM: (supports S0 S3 S4 S5)
Jun  9 14:07:02 mohammad-ROG-Strix-G512LI-G512LI kernel: [    0.214189] ACPI: Using IOAPIC for interrupt routing
Jun  9 14:07:02 mohammad-ROG-Strix-G512LI-G512LI kernel: [    0.214214] PCI: Using host bridge windows from ACPI; if necessary, use "pci=nocrs" and report a bug
Jun  9 14:07:02 mohammad-ROG-Strix-G512LI-G512LI kernel: [    0.214215] PCI: Using E820 reservations for host bridge windows
Jun  9 14:07:02 mohammad-ROG-Strix-G512LI-G512LI kernel: [    0.215054] ACPI: Enabled 10 GPEs in block 00 to 7F
Jun  9 14:07:02 mohammad-ROG-Strix-G512LI-G512LI kernel: [    0.216967] ACPI: PM: Power Resource [PG00]
Jun  9 14:07:02 mohammad-ROG-Strix-G512LI-G512LI kernel: [    0.231948] ACPI: PM: Power Resource [BTPR]
Jun  9 14:07:02 mohammad-ROG-Strix-G512LI-G512LI kernel: [    0.232811] ACPI: PM: Power Resource [USBC]
Jun  9 14:07:02 mohammad-ROG-Strix-G512LI-G512LI kernel: [    0.235294] ACPI: PM: Power Resource [V0PR]
Jun  9 14:07:02 mohammad-ROG-Strix-G512LI-G512LI kernel: [    0.235479] ACPI: PM: Power Resource [V1PR]
Jun  9 14:07:02 mohammad-ROG-Strix-G512LI-G512LI kernel: [    0.235657] ACPI: PM: Power Resource [V2PR]
Jun  9 14:07:02 mohammad-ROG-Strix-G512LI-G512LI kernel: [    0.237708] ACPI: PM: Power Resource [WRST]
Jun  9 14:07:02 mohammad-ROG-Strix-G512LI-G512LI kernel: [    0.240989] ACPI: PM: Power Resource [PIN]
Jun  9 14:07:02 mohammad-ROG-Strix-G512LI-G512LI kernel: [    0.241315] ACPI: PCI Root Bridge [PCI0] (domain 0000 [bus 00-fe])
Jun  9 14:07:02 mohammad-ROG-Strix-G512LI-G512LI kernel: [    0.241321] acpi PNP0A08:00: _OSC: OS supports [ExtendedConfig ASPM ClockPM Segments MSI EDR HPX-Type3]
Jun  9 14:07:02 mohammad-ROG-Strix-G512LI-G512LI kernel: [    0.243582] acpi PNP0A08:00: _OSC: OS now controls [PCIeHotplug SHPCHotplug PME AER PCIeCapability LTR DPC]
Jun  9 14:07:02 mohammad-ROG-Strix-G512LI-G512LI kernel: [    0.244499] PCI host bridge to bus 0000:00
Jun  9 14:07:02 mohammad-ROG-Strix-G512LI-G512LI kernel: [    0.244500] pci_bus 0000:00: root bus resource [bus 00-fe]
Jun  9 14:07:02 mohammad-ROG-Strix-G512LI-G512LI kernel: [    0.244502] pci_bus 0000:00: root bus resource [io  0x0000-0x0cf7 window]
Jun  9 14:07:02 mohammad-ROG-Strix-G512LI-G512LI kernel: [    0.244503] pci_bus 0000:00: root bus resource [io  0x0d00-0xffff window]
Jun  9 14:07:02 mohammad-ROG-Strix-G512LI-G512LI kernel: [    0.244504] pci_bus 0000:00: root bus resource [mem 0x000a0000-0x000bffff window]
Jun  9 14:07:02 mohammad-ROG-Strix-G512LI-G512LI kernel: [    0.244505] pci_bus 0000:00: root bus resource [mem 0x000e0000-0x000fffff window]
Jun  9 14:07:02 mohammad-ROG-Strix-G512LI-G512LI kernel: [    0.244505] pci_bus 0000:00: root bus resource [mem 0x9f800000-0xdfffffff window]
Jun  9 14:07:02 mohammad-ROG-Strix-G512LI-G512LI kernel: [    0.244506] pci_bus 0000:00: root bus resource [mem 0xfc800000-0xfe7fffff window]
Jun  9 14:07:02 mohammad-ROG-Strix-G512LI-G512LI kernel: [    0.244635] pci 0000:00:00.0: [8086:9b54] type 00 class 0x060000
Jun  9 14:07:02 mohammad-ROG-Strix-G512LI-G512LI kernel: [    0.244921] pci 0000:00:01.0: [8086:1901] type 01 class 0x060400
Jun  9 14:07:02 mohammad-ROG-Strix-G512LI-G512LI kernel: [    0.244950] pci 0000:00:01.0: PME# supported from D0 D3hot D3cold
Jun  9 14:07:02 mohammad-ROG-Strix-G512LI-G512LI kernel: [    0.245476] pci 0000:00:02.0: [8086:9bc4] type 00 class 0x030000
Jun  9 14:07:02 mohammad-ROG-Strix-G512LI-G512LI kernel: [    0.245482] pci 0000:00:02.0: reg 0x10: [mem 0xc2000000-0xc2ffffff 64bit]
Jun  9 14:07:02 mohammad-ROG-Strix-G512LI-G512LI kernel: [    0.245486] pci 0000:00:02.0: reg 0x18: [mem 0xa0000000-0xafffffff 64bit pref]
Jun  9 14:07:02 mohammad-ROG-Strix-G512LI-G512LI kernel: [    0.245489] pci 0000:00:02.0: reg 0x20: [io  0x5000-0x503f]
Jun  9 14:07:02 mohammad-ROG-Strix-G512LI-G512LI kernel: [    0.245500] pci 0000:00:02.0: BAR 2: assigned to efifb
Jun  9 14:07:02 mohammad-ROG-Strix-G512LI-G512LI kernel: [    0.245502] pci 0000:00:02.0: Video device with shadowed ROM at [mem 0x000c0000-0x000dffff]
Jun  9 14:07:02 mohammad-ROG-Strix-G512LI-G512LI kernel: [    0.245734] pci 0000:00:04.0: [8086:1903] type 00 class 0x118000
Jun  9 14:07:02 mohammad-ROG-Strix-G512LI-G512LI kernel: [    0.245740] pci 0000:00:04.0: reg 0x10: [mem 0xc4410000-0xc4417fff 64bit]
Jun  9 14:07:02 mohammad-ROG-Strix-G512LI-G512LI kernel: [    0.246006] pci 0000:00:08.0: [8086:1911] type 00 class 0x088000
Jun  9 14:07:02 mohammad-ROG-Strix-G512LI-G512LI kernel: [    0.246013] pci 0000:00:08.0: reg 0x10: [mem 0xc4428000-0xc4428fff 64bit]
Jun  9 14:07:02 mohammad-ROG-Strix-G512LI-G512LI kernel: [    0.246236] pci 0000:00:12.0: [8086:06f9] type 00 class 0x118000
Jun  9 14:07:02 mohammad-ROG-Strix-G512LI-G512LI kernel: [    0.246248] pci 0000:00:12.0: reg 0x10: [mem 0xc4427000-0xc4427fff 64bit]
Jun  9 14:07:02 mohammad-ROG-Strix-G512LI-G512LI kernel: [    0.246561] pci 0000:00:14.0: [8086:06ed] type 00 class 0x0c0330
Jun  9 14:07:02 mohammad-ROG-Strix-G512LI-G512LI kernel: [    0.246574] pci 0000:00:14.0: reg 0x10: [mem 0xc4400000-0xc440ffff 64bit]
Jun  9 14:07:02 mohammad-ROG-Strix-G512LI-G512LI kernel: [    0.246622] pci 0000:00:14.0: PME# supported from D3hot D3cold
Jun  9 14:07:02 mohammad-ROG-Strix-G512LI-G512LI kernel: [    0.247093] pci 0000:00:14.2: [8086:06ef] type 00 class 0x050000
Jun  9 14:07:02 mohammad-ROG-Strix-G512LI-G512LI kernel: [    0.247108] pci 0000:00:14.2: reg 0x10: [mem 0xc4420000-0xc4421fff 64bit]
Jun  9 14:07:02 mohammad-ROG-Strix-G512LI-G512LI kernel: [    0.247117] pci 0000:00:14.2: reg 0x18: [mem 0xc4426000-0xc4426fff 64bit]
Jun  9 14:07:02 mohammad-ROG-Strix-G512LI-G512LI kernel: [    0.247422] pci 0000:00:14.3: [8086:06f0] type 00 class 0x028000
Jun  9 14:07:02 mohammad-ROG-Strix-G512LI-G512LI kernel: [    0.247438] pci 0000:00:14.3: reg 0x10: [mem 0xc441c000-0xc441ffff 64bit]
Jun  9 14:07:02 mohammad-ROG-Strix-G512LI-G512LI kernel: [    0.247531] pci 0000:00:14.3: PME# supported from D0 D3hot D3cold
Jun  9 14:07:02 mohammad-ROG-Strix-G512LI-G512LI kernel: [    0.247861] pci 0000:00:15.0: [8086:06e8] type 00 class 0x0c8000
Jun  9 14:07:02 mohammad-ROG-Strix-G512LI-G512LI kernel: [    0.247912] pci 0000:00:15.0: reg 0x10: [mem 0x00000000-0x00000fff 64bit]
Jun  9 14:07:02 mohammad-ROG-Strix-G512LI-G512LI kernel: [    0.248400] pci 0000:00:15.1: [8086:06e9] type 00 class 0x0c8000
Jun  9 14:07:02 mohammad-ROG-Strix-G512LI-G512LI kernel: [    0.248451] pci 0000:00:15.1: reg 0x10: [mem 0x00000000-0x00000fff 64bit]
Jun  9 14:07:02 mohammad-ROG-Strix-G512LI-G512LI kernel: [    0.248902] pci 0000:00:16.0: [8086:06e0] type 00 class 0x078000
Jun  9 14:07:02 mohammad-ROG-Strix-G512LI-G512LI kernel: [    0.248921] pci 0000:00:16.0: reg 0x10: [mem 0xc4423000-0xc4423fff 64bit]
Jun  9 14:07:02 mohammad-ROG-Strix-G512LI-G512LI kernel: [    0.248986] pci 0000:00:16.0: PME# supported from D3hot
Jun  9 14:07:02 mohammad-ROG-Strix-G512LI-G512LI kernel: [    0.249527] pci 0000:00:1d.0: [8086:06b0] type 01 class 0x060400
Jun  9 14:07:02 mohammad-ROG-Strix-G512LI-G512LI kernel: [    0.249607] pci 0000:00:1d.0: PME# supported from D0 D3hot D3cold
Jun  9 14:07:02 mohammad-ROG-Strix-G512LI-G512LI kernel: [    0.249636] pci 0000:00:1d.0: PTM enabled (root), 4ns granularity
Jun  9 14:07:02 mohammad-ROG-Strix-G512LI-G512LI kernel: [    0.250308] pci 0000:00:1d.6: [8086:06b6] type 01 class 0x060400
Jun  9 14:07:02 mohammad-ROG-Strix-G512LI-G512LI kernel: [    0.250376] pci 0000:00:1d.6: PME# supported from D0 D3hot D3cold
Jun  9 14:07:02 mohammad-ROG-Strix-G512LI-G512LI kernel: [    0.250401] pci 0000:00:1d.6: PTM enabled (root), 4ns granularity
Jun  9 14:07:02 mohammad-ROG-Strix-G512LI-G512LI kernel: [    0.251047] pci 0000:00:1f.0: [8086:068d] type 00 class 0x060100
Jun  9 14:07:02 mohammad-ROG-Strix-G512LI-G512LI kernel: [    0.251512] pci 0000:00:1f.3: [8086:06c8] type 00 class 0x040380
Jun  9 14:07:02 mohammad-ROG-Strix-G512LI-G512LI kernel: [    0.251544] pci 0000:00:1f.3: reg 0x10: [mem 0xc4418000-0xc441bfff 64bit]
Jun  9 14:07:02 mohammad-ROG-Strix-G512LI-G512LI kernel: [    0.251581] pci 0000:00:1f.3: reg 0x20: [mem 0xc4100000-0xc41fffff 64bit]
Jun  9 14:07:02 mohammad-ROG-Strix-G512LI-G512LI kernel: [    0.251652] pci 0000:00:1f.3: PME# supported from D3hot D3cold
Jun  9 14:07:02 mohammad-ROG-Strix-G512LI-G512LI kernel: [    0.252582] pci 0000:00:1f.4: [8086:06a3] type 00 class 0x0c0500
Jun  9 14:07:02 mohammad-ROG-Strix-G512LI-G512LI kernel: [    0.252605] pci 0000:00:1f.4: reg 0x10: [mem 0xc4422000-0xc44220ff 64bit]
Jun  9 14:07:02 mohammad-ROG-Strix-G512LI-G512LI kernel: [    0.252631] pci 0000:00:1f.4: reg 0x20: [io  0xefa0-0xefbf]
Jun  9 14:07:02 mohammad-ROG-Strix-G512LI-G512LI kernel: [    0.252889] pci 0000:00:1f.5: [8086:06a4] type 00 class 0x0c8000
Jun  9 14:07:02 mohammad-ROG-Strix-G512LI-G512LI kernel: [    0.252903] pci 0000:00:1f.5: reg 0x10: [mem 0xfe010000-0xfe010fff]
Jun  9 14:07:02 mohammad-ROG-Strix-G512LI-G512LI kernel: [    0.253077] pci 0000:01:00.0: [10de:1f95] type 00 class 0x030000
Jun  9 14:07:02 mohammad-ROG-Strix-G512LI-G512LI kernel: [    0.253087] pci 0000:01:00.0: reg 0x10: [mem 0xc3000000-0xc3ffffff]
Jun  9 14:07:02 mohammad-ROG-Strix-G512LI-G512LI kernel: [    0.253094] pci 0000:01:00.0: reg 0x14: [mem 0xb0000000-0xbfffffff 64bit pref]
Jun  9 14:07:02 mohammad-ROG-Strix-G512LI-G512LI kernel: [    0.253101] pci 0000:01:00.0: reg 0x1c: [mem 0xc0000000-0xc1ffffff 64bit pref]
Jun  9 14:07:02 mohammad-ROG-Strix-G512LI-G512LI kernel: [    0.253106] pci 0000:01:00.0: reg 0x24: [io  0x4000-0x407f]
Jun  9 14:07:02 mohammad-ROG-Strix-G512LI-G512LI kernel: [    0.253111] pci 0000:01:00.0: reg 0x30: [mem 0xc4000000-0xc407ffff pref]
Jun  9 14:07:02 mohammad-ROG-Strix-G512LI-G512LI kernel: [    0.253152] pci 0000:01:00.0: PME# supported from D0 D3hot D3cold
Jun  9 14:07:02 mohammad-ROG-Strix-G512LI-G512LI kernel: [    0.253194] pci 0000:01:00.0: 63.008 Gb/s available PCIe bandwidth, limited by 8.0 GT/s PCIe x8 link at 0000:00:01.0 (capable of 126.016 Gb/s with 8.0 GT/s PCIe x16 link)
Jun  9 14:07:02 mohammad-ROG-Strix-G512LI-G512LI kernel: [    0.253373] pci 0000:01:00.1: [10de:10fa] type 00 class 0x040300
Jun  9 14:07:02 mohammad-ROG-Strix-G512LI-G512LI kernel: [    0.253382] pci 0000:01:00.1: reg 0x10: [mem 0xc4080000-0xc4083fff]
Jun  9 14:07:02 mohammad-ROG-Strix-G512LI-G512LI kernel: [    0.253478] pci 0000:00:01.0: PCI bridge to [bus 01]
Jun  9 14:07:02 mohammad-ROG-Strix-G512LI-G512LI kernel: [    0.253479] pci 0000:00:01.0:   bridge window [io  0x4000-0x4fff]
Jun  9 14:07:02 mohammad-ROG-Strix-G512LI-G512LI kernel: [    0.253481] pci 0000:00:01.0:   bridge window [mem 0xc3000000-0xc40fffff]
Jun  9 14:07:02 mohammad-ROG-Strix-G512LI-G512LI kernel: [    0.253483] pci 0000:00:01.0:   bridge window [mem 0xb0000000-0xc1ffffff 64bit pref]
Jun  9 14:07:02 mohammad-ROG-Strix-G512LI-G512LI kernel: [    0.253767] pci 0000:02:00.0: [8086:f1a8] type 00 class 0x010802
Jun  9 14:07:02 mohammad-ROG-Strix-G512LI-G512LI kernel: [    0.253790] pci 0000:02:00.0: reg 0x10: [mem 0xc4300000-0xc4303fff 64bit]
Jun  9 14:07:02 mohammad-ROG-Strix-G512LI-G512LI kernel: [    0.254073] pci 0000:00:1d.0: PCI bridge to [bus 02]
Jun  9 14:07:02 mohammad-ROG-Strix-G512LI-G512LI kernel: [    0.254077] pci 0000:00:1d.0:   bridge window [mem 0xc4300000-0xc43fffff]
Jun  9 14:07:02 mohammad-ROG-Strix-G512LI-G512LI kernel: [    0.254151] pci 0000:03:00.0: [10ec:8168] type 00 class 0x020000
Jun  9 14:07:02 mohammad-ROG-Strix-G512LI-G512LI kernel: [    0.254167] pci 0000:03:00.0: reg 0x10: [io  0x3000-0x30ff]
Jun  9 14:07:02 mohammad-ROG-Strix-G512LI-G512LI kernel: [    0.254186] pci 0000:03:00.0: reg 0x18: [mem 0xc4204000-0xc4204fff 64bit]
Jun  9 14:07:02 mohammad-ROG-Strix-G512LI-G512LI kernel: [    0.254198] pci 0000:03:00.0: reg 0x20: [mem 0xc4200000-0xc4203fff 64bit]
Jun  9 14:07:02 mohammad-ROG-Strix-G512LI-G512LI kernel: [    0.254290] pci 0000:03:00.0: supports D1 D2
Jun  9 14:07:02 mohammad-ROG-Strix-G512LI-G512LI kernel: [    0.254290] pci 0000:03:00.0: PME# supported from D0 D1 D2 D3hot D3cold
Jun  9 14:07:02 mohammad-ROG-Strix-G512LI-G512LI kernel: [    0.254436] pci 0000:00:1d.6: PCI bridge to [bus 03]
Jun  9 14:07:02 mohammad-ROG-Strix-G512LI-G512LI kernel: [    0.254439] pci 0000:00:1d.6:   bridge window [io  0x3000-0x3fff]
Jun  9 14:07:02 mohammad-ROG-Strix-G512LI-G512LI kernel: [    0.254440] pci 0000:00:1d.6:   bridge window [mem 0xc4200000-0xc42fffff]
Jun  9 14:07:02 mohammad-ROG-Strix-G512LI-G512LI kernel: [    0.263370] ACPI: PCI: Interrupt link LNKA configured for IRQ 0
Jun  9 14:07:02 mohammad-ROG-Strix-G512LI-G512LI kernel: [    0.263437] ACPI: PCI: Interrupt link LNKB configured for IRQ 1
Jun  9 14:07:02 mohammad-ROG-Strix-G512LI-G512LI kernel: [    0.263503] ACPI: PCI: Interrupt link LNKC configured for IRQ 0
Jun  9 14:07:02 mohammad-ROG-Strix-G512LI-G512LI kernel: [    0.263569] ACPI: PCI: Interrupt link LNKD configured for IRQ 0
Jun  9 14:07:02 mohammad-ROG-Strix-G512LI-G512LI kernel: [    0.263634] ACPI: PCI: Interrupt link LNKE configured for IRQ 0
Jun  9 14:07:02 mohammad-ROG-Strix-G512LI-G512LI kernel: [    0.263699] ACPI: PCI: Interrupt link LNKF configured for IRQ 0
Jun  9 14:07:02 mohammad-ROG-Strix-G512LI-G512LI kernel: [    0.263763] ACPI: PCI: Interrupt link LNKG configured for IRQ 0
Jun  9 14:07:02 mohammad-ROG-Strix-G512LI-G512LI kernel: [    0.263829] ACPI: PCI: Interrupt link LNKH configured for IRQ 0
Jun  9 14:07:02 mohammad-ROG-Strix-G512LI-G512LI kernel: [    0.267868] ACPI: EC: interrupt unblocked
Jun  9 14:07:02 mohammad-ROG-Strix-G512LI-G512LI kernel: [    0.267869] ACPI: EC: event unblocked
Jun  9 14:07:02 mohammad-ROG-Strix-G512LI-G512LI kernel: [    0.267884] ACPI: EC: EC_CMD/EC_SC=0x66, EC_DATA=0x62
Jun  9 14:07:02 mohammad-ROG-Strix-G512LI-G512LI kernel: [    0.267885] ACPI: EC: GPE=0x27
Jun  9 14:07:02 mohammad-ROG-Strix-G512LI-G512LI kernel: [    0.267885] ACPI: \_SB_.PCI0.LPCB.EC0_: Boot ECDT EC initialization complete
Jun  9 14:07:02 mohammad-ROG-Strix-G512LI-G512LI kernel: [    0.267887] ACPI: \_SB_.PCI0.LPCB.EC0_: EC: Used to handle transactions and events
Jun  9 14:07:02 mohammad-ROG-Strix-G512LI-G512LI kernel: [    0.267924] iommu: Default domain type: Translated 
Jun  9 14:07:02 mohammad-ROG-Strix-G512LI-G512LI kernel: [    0.267924] iommu: DMA domain TLB invalidation policy: lazy mode 
Jun  9 14:07:02 mohammad-ROG-Strix-G512LI-G512LI kernel: [    0.267924] SCSI subsystem initialized
Jun  9 14:07:02 mohammad-ROG-Strix-G512LI-G512LI kernel: [    0.267924] libata version 3.00 loaded.
Jun  9 14:07:02 mohammad-ROG-Strix-G512LI-G512LI kernel: [    0.267924] pci 0000:00:02.0: vgaarb: setting as boot VGA device
Jun  9 14:07:02 mohammad-ROG-Strix-G512LI-G512LI kernel: [    0.267924] pci 0000:00:02.0: vgaarb: VGA device added: decodes=io+mem,owns=io+mem,locks=none
Jun  9 14:07:02 mohammad-ROG-Strix-G512LI-G512LI kernel: [    0.267924] pci 0000:01:00.0: vgaarb: VGA device added: decodes=io+mem,owns=none,locks=none
Jun  9 14:07:02 mohammad-ROG-Strix-G512LI-G512LI kernel: [    0.267924] pci 0000:00:02.0: vgaarb: no bridge control possible
Jun  9 14:07:02 mohammad-ROG-Strix-G512LI-G512LI kernel: [    0.267924] pci 0000:01:00.0: vgaarb: bridge control possible
Jun  9 14:07:02 mohammad-ROG-Strix-G512LI-G512LI kernel: [    0.267924] vgaarb: loaded
Jun  9 14:07:02 mohammad-ROG-Strix-G512LI-G512LI kernel: [    0.267924] ACPI: bus type USB registered
Jun  9 14:07:02 mohammad-ROG-Strix-G512LI-G512LI kernel: [    0.267924] usbcore: registered new interface driver usbfs
Jun  9 14:07:02 mohammad-ROG-Strix-G512LI-G512LI kernel: [    0.267924] usbcore: registered new interface driver hub
Jun  9 14:07:02 mohammad-ROG-Strix-G512LI-G512LI kernel: [    0.267924] usbcore: registered new device driver usb
Jun  9 14:07:02 mohammad-ROG-Strix-G512LI-G512LI kernel: [    0.267924] pps_core: LinuxPPS API ver. 1 registered
Jun  9 14:07:02 mohammad-ROG-Strix-G512LI-G512LI kernel: [    0.267924] pps_core: Software ver. 5.3.6 - Copyright 2005-2007 Rodolfo Giometti <giometti@linux.it>
Jun  9 14:07:02 mohammad-ROG-Strix-G512LI-G512LI kernel: [    0.267924] PTP clock support registered
Jun  9 14:07:02 mohammad-ROG-Strix-G512LI-G512LI kernel: [    0.267924] EDAC MC: Ver: 3.0.0
Jun  9 14:07:02 mohammad-ROG-Strix-G512LI-G512LI kernel: [    0.267924] Registered efivars operations
Jun  9 14:07:02 mohammad-ROG-Strix-G512LI-G512LI kernel: [    0.267924] NetLabel: Initializing
Jun  9 14:07:02 mohammad-ROG-Strix-G512LI-G512LI kernel: [    0.267924] NetLabel:  domain hash size = 128
Jun  9 14:07:02 mohammad-ROG-Strix-G512LI-G512LI kernel: [    0.267924] NetLabel:  protocols = UNLABELED CIPSOv4 CALIPSO
Jun  9 14:07:02 mohammad-ROG-Strix-G512LI-G512LI kernel: [    0.267924] NetLabel:  unlabeled traffic allowed by default
Jun  9 14:07:02 mohammad-ROG-Strix-G512LI-G512LI kernel: [    0.267924] PCI: Using ACPI for IRQ routing
Jun  9 14:07:02 mohammad-ROG-Strix-G512LI-G512LI kernel: [    0.311338] PCI: pci_cache_line_size set to 64 bytes
Jun  9 14:07:02 mohammad-ROG-Strix-G512LI-G512LI kernel: [    0.311581] e820: reserve RAM buffer [mem 0x0009e000-0x0009ffff]
Jun  9 14:07:02 mohammad-ROG-Strix-G512LI-G512LI kernel: [    0.311582] e820: reserve RAM buffer [mem 0x91b32000-0x93ffffff]
Jun  9 14:07:02 mohammad-ROG-Strix-G512LI-G512LI kernel: [    0.311583] e820: reserve RAM buffer [mem 0x91cd5000-0x93ffffff]
Jun  9 14:07:02 mohammad-ROG-Strix-G512LI-G512LI kernel: [    0.311584] e820: reserve RAM buffer [mem 0x94367000-0x97ffffff]
Jun  9 14:07:02 mohammad-ROG-Strix-G512LI-G512LI kernel: [    0.311585] e820: reserve RAM buffer [mem 0x98e4f000-0x9bffffff]
Jun  9 14:07:02 mohammad-ROG-Strix-G512LI-G512LI kernel: [    0.311585] e820: reserve RAM buffer [mem 0x85e800000-0x85fffffff]
Jun  9 14:07:02 mohammad-ROG-Strix-G512LI-G512LI kernel: [    0.311587] clocksource: Switched to clocksource tsc-early
Jun  9 14:07:02 mohammad-ROG-Strix-G512LI-G512LI kernel: [    0.315782] VFS: Disk quotas dquot_6.6.0
Jun  9 14:07:02 mohammad-ROG-Strix-G512LI-G512LI kernel: [    0.315793] VFS: Dquot-cache hash table entries: 512 (order 0, 4096 bytes)
Jun  9 14:07:02 mohammad-ROG-Strix-G512LI-G512LI kernel: [    0.315858] AppArmor: AppArmor Filesystem Enabled
Jun  9 14:07:02 mohammad-ROG-Strix-G512LI-G512LI kernel: [    0.315886] pnp: PnP ACPI init
Jun  9 14:07:02 mohammad-ROG-Strix-G512LI-G512LI kernel: [    0.315968] system 00:00: [mem 0x40000000-0x403fffff] could not be reserved
Jun  9 14:07:02 mohammad-ROG-Strix-G512LI-G512LI kernel: [    0.316111] system 00:01: [io  0x0680-0x069f] has been reserved
Jun  9 14:07:02 mohammad-ROG-Strix-G512LI-G512LI kernel: [    0.316113] system 00:01: [io  0x164e-0x164f] has been reserved
Jun  9 14:07:02 mohammad-ROG-Strix-G512LI-G512LI kernel: [    0.316201] system 00:02: [io  0x1854-0x1857] has been reserved
Jun  9 14:07:02 mohammad-ROG-Strix-G512LI-G512LI kernel: [    0.316477] system 00:04: [io  0x1800-0x18fe] could not be reserved
Jun  9 14:07:02 mohammad-ROG-Strix-G512LI-G512LI kernel: [    0.316478] system 00:04: [mem 0xfd000000-0xfd69ffff] has been reserved
Jun  9 14:07:02 mohammad-ROG-Strix-G512LI-G512LI kernel: [    0.316479] system 00:04: [mem 0xfd6c0000-0xfd6cffff] has been reserved
Jun  9 14:07:02 mohammad-ROG-Strix-G512LI-G512LI kernel: [    0.316480] system 00:04: [mem 0xfd6f0000-0xfdffffff] has been reserved
Jun  9 14:07:02 mohammad-ROG-Strix-G512LI-G512LI kernel: [    0.316481] system 00:04: [mem 0xfe000000-0xfe01ffff] could not be reserved
Jun  9 14:07:02 mohammad-ROG-Strix-G512LI-G512LI kernel: [    0.316482] system 00:04: [mem 0xfe200000-0xfe7fffff] has been reserved
Jun  9 14:07:02 mohammad-ROG-Strix-G512LI-G512LI kernel: [    0.316483] system 00:04: [mem 0xff000000-0xffffffff] has been reserved
Jun  9 14:07:02 mohammad-ROG-Strix-G512LI-G512LI kernel: [    0.316709] system 00:05: [io  0x2000-0x20fe] has been reserved
Jun  9 14:07:02 mohammad-ROG-Strix-G512LI-G512LI kernel: [    0.317174] system 00:06: [mem 0xfed10000-0xfed17fff] has been reserved
Jun  9 14:07:02 mohammad-ROG-Strix-G512LI-G512LI kernel: [    0.317176] system 00:06: [mem 0xfed18000-0xfed18fff] has been reserved
Jun  9 14:07:02 mohammad-ROG-Strix-G512LI-G512LI kernel: [    0.317177] system 00:06: [mem 0xfed19000-0xfed19fff] has been reserved
Jun  9 14:07:02 mohammad-ROG-Strix-G512LI-G512LI kernel: [    0.317178] system 00:06: [mem 0xe0000000-0xefffffff] has been reserved
Jun  9 14:07:02 mohammad-ROG-Strix-G512LI-G512LI kernel: [    0.317179] system 00:06: [mem 0xfed20000-0xfed3ffff] has been reserved
Jun  9 14:07:02 mohammad-ROG-Strix-G512LI-G512LI kernel: [    0.317180] system 00:06: [mem 0xfed90000-0xfed93fff] could not be reserved
Jun  9 14:07:02 mohammad-ROG-Strix-G512LI-G512LI kernel: [    0.317181] system 00:06: [mem 0xfed45000-0xfed8ffff] has been reserved
Jun  9 14:07:02 mohammad-ROG-Strix-G512LI-G512LI kernel: [    0.317182] system 00:06: [mem 0xfee00000-0xfeefffff] could not be reserved
Jun  9 14:07:02 mohammad-ROG-Strix-G512LI-G512LI kernel: [    0.317453] system 00:07: [mem 0xfe038000-0xfe038fff] has been reserved
Jun  9 14:07:02 mohammad-ROG-Strix-G512LI-G512LI kernel: [    0.317869] pnp: PnP ACPI: found 8 devices
Jun  9 14:07:02 mohammad-ROG-Strix-G512LI-G512LI kernel: [    0.323120] clocksource: acpi_pm: mask: 0xffffff max_cycles: 0xffffff, max_idle_ns: 2085701024 ns
Jun  9 14:07:02 mohammad-ROG-Strix-G512LI-G512LI kernel: [    0.323152] NET: Registered PF_INET protocol family
Jun  9 14:07:02 mohammad-ROG-Strix-G512LI-G512LI kernel: [    0.323252] IP idents hash table entries: 262144 (order: 9, 2097152 bytes, linear)
Jun  9 14:07:02 mohammad-ROG-Strix-G512LI-G512LI kernel: [    0.324404] tcp_listen_portaddr_hash hash table entries: 16384 (order: 6, 262144 bytes, linear)
Jun  9 14:07:02 mohammad-ROG-Strix-G512LI-G512LI kernel: [    0.324429] Table-perturb hash table entries: 65536 (order: 6, 262144 bytes, linear)
Jun  9 14:07:02 mohammad-ROG-Strix-G512LI-G512LI kernel: [    0.324519] TCP established hash table entries: 262144 (order: 9, 2097152 bytes, linear)
Jun  9 14:07:02 mohammad-ROG-Strix-G512LI-G512LI kernel: [    0.324687] TCP bind hash table entries: 65536 (order: 8, 1048576 bytes, linear)
Jun  9 14:07:02 mohammad-ROG-Strix-G512LI-G512LI kernel: [    0.324728] TCP: Hash tables configured (established 262144 bind 65536)
Jun  9 14:07:02 mohammad-ROG-Strix-G512LI-G512LI kernel: [    0.324805] MPTCP token hash table entries: 32768 (order: 7, 786432 bytes, linear)
Jun  9 14:07:02 mohammad-ROG-Strix-G512LI-G512LI kernel: [    0.324872] UDP hash table entries: 16384 (order: 7, 524288 bytes, linear)
Jun  9 14:07:02 mohammad-ROG-Strix-G512LI-G512LI kernel: [    0.324931] UDP-Lite hash table entries: 16384 (order: 7, 524288 bytes, linear)
Jun  9 14:07:02 mohammad-ROG-Strix-G512LI-G512LI kernel: [    0.324981] NET: Registered PF_UNIX/PF_LOCAL protocol family
Jun  9 14:07:02 mohammad-ROG-Strix-G512LI-G512LI kernel: [    0.324985] NET: Registered PF_XDP protocol family
Jun  9 14:07:02 mohammad-ROG-Strix-G512LI-G512LI kernel: [    0.324995] clipped [mem size 0x00000000 64bit] to [mem size 0xfffffffffffe0000 64bit] for e820 entry [mem 0x000a0000-0x000fffff]
Jun  9 14:07:02 mohammad-ROG-Strix-G512LI-G512LI kernel: [    0.324998] clipped [mem size 0x00020000 64bit] to [mem size 0xfffffffffffc0000 64bit] for e820 entry [mem 0x000a0000-0x000fffff]
Jun  9 14:07:02 mohammad-ROG-Strix-G512LI-G512LI kernel: [    0.324999] clipped [mem size 0x00010000 64bit] to [mem size 0xffffffffffff0000 64bit] for e820 entry [mem 0x000a0000-0x000fffff]
Jun  9 14:07:02 mohammad-ROG-Strix-G512LI-G512LI kernel: [    0.325001] pci 0000:00:15.0: BAR 0: assigned [mem 0x9f800000-0x9f800fff 64bit]
Jun  9 14:07:02 mohammad-ROG-Strix-G512LI-G512LI kernel: [    0.325045] clipped [mem size 0x00000000 64bit] to [mem size 0xfffffffffffe0000 64bit] for e820 entry [mem 0x000a0000-0x000fffff]
Jun  9 14:07:02 mohammad-ROG-Strix-G512LI-G512LI kernel: [    0.325046] clipped [mem size 0x00020000 64bit] to [mem size 0xfffffffffffc0000 64bit] for e820 entry [mem 0x000a0000-0x000fffff]
Jun  9 14:07:02 mohammad-ROG-Strix-G512LI-G512LI kernel: [    0.325047] clipped [mem size 0x00010000 64bit] to [mem size 0xffffffffffff0000 64bit] for e820 entry [mem 0x000a0000-0x000fffff]
Jun  9 14:07:02 mohammad-ROG-Strix-G512LI-G512LI kernel: [    0.325049] pci 0000:00:15.1: BAR 0: assigned [mem 0x9f801000-0x9f801fff 64bit]
Jun  9 14:07:02 mohammad-ROG-Strix-G512LI-G512LI kernel: [    0.325089] pci 0000:00:01.0: PCI bridge to [bus 01]
Jun  9 14:07:02 mohammad-ROG-Strix-G512LI-G512LI kernel: [    0.325090] pci 0000:00:01.0:   bridge window [io  0x4000-0x4fff]
Jun  9 14:07:02 mohammad-ROG-Strix-G512LI-G512LI kernel: [    0.325092] pci 0000:00:01.0:   bridge window [mem 0xc3000000-0xc40fffff]
Jun  9 14:07:02 mohammad-ROG-Strix-G512LI-G512LI kernel: [    0.325094] pci 0000:00:01.0:   bridge window [mem 0xb0000000-0xc1ffffff 64bit pref]
Jun  9 14:07:02 mohammad-ROG-Strix-G512LI-G512LI kernel: [    0.325096] pci 0000:00:1d.0: PCI bridge to [bus 02]
Jun  9 14:07:02 mohammad-ROG-Strix-G512LI-G512LI kernel: [    0.325099] pci 0000:00:1d.0:   bridge window [mem 0xc4300000-0xc43fffff]
Jun  9 14:07:02 mohammad-ROG-Strix-G512LI-G512LI kernel: [    0.325104] pci 0000:00:1d.6: PCI bridge to [bus 03]
Jun  9 14:07:02 mohammad-ROG-Strix-G512LI-G512LI kernel: [    0.325105] pci 0000:00:1d.6:   bridge window [io  0x3000-0x3fff]
Jun  9 14:07:02 mohammad-ROG-Strix-G512LI-G512LI kernel: [    0.325108] pci 0000:00:1d.6:   bridge window [mem 0xc4200000-0xc42fffff]
Jun  9 14:07:02 mohammad-ROG-Strix-G512LI-G512LI kernel: [    0.325113] pci_bus 0000:00: resource 4 [io  0x0000-0x0cf7 window]
Jun  9 14:07:02 mohammad-ROG-Strix-G512LI-G512LI kernel: [    0.325114] pci_bus 0000:00: resource 5 [io  0x0d00-0xffff window]
Jun  9 14:07:02 mohammad-ROG-Strix-G512LI-G512LI kernel: [    0.325115] pci_bus 0000:00: resource 6 [mem 0x000a0000-0x000bffff window]
Jun  9 14:07:02 mohammad-ROG-Strix-G512LI-G512LI kernel: [    0.325116] pci_bus 0000:00: resource 7 [mem 0x000e0000-0x000fffff window]
Jun  9 14:07:02 mohammad-ROG-Strix-G512LI-G512LI kernel: [    0.325116] pci_bus 0000:00: resource 8 [mem 0x9f800000-0xdfffffff window]
Jun  9 14:07:02 mohammad-ROG-Strix-G512LI-G512LI kernel: [    0.325117] pci_bus 0000:00: resource 9 [mem 0xfc800000-0xfe7fffff window]
Jun  9 14:07:02 mohammad-ROG-Strix-G512LI-G512LI kernel: [    0.325118] pci_bus 0000:01: resource 0 [io  0x4000-0x4fff]
Jun  9 14:07:02 mohammad-ROG-Strix-G512LI-G512LI kernel: [    0.325119] pci_bus 0000:01: resource 1 [mem 0xc3000000-0xc40fffff]
Jun  9 14:07:02 mohammad-ROG-Strix-G512LI-G512LI kernel: [    0.325120] pci_bus 0000:01: resource 2 [mem 0xb0000000-0xc1ffffff 64bit pref]
Jun  9 14:07:02 mohammad-ROG-Strix-G512LI-G512LI kernel: [    0.325121] pci_bus 0000:02: resource 1 [mem 0xc4300000-0xc43fffff]
Jun  9 14:07:02 mohammad-ROG-Strix-G512LI-G512LI kernel: [    0.325121] pci_bus 0000:03: resource 0 [io  0x3000-0x3fff]
Jun  9 14:07:02 mohammad-ROG-Strix-G512LI-G512LI kernel: [    0.325122] pci_bus 0000:03: resource 1 [mem 0xc4200000-0xc42fffff]
Jun  9 14:07:02 mohammad-ROG-Strix-G512LI-G512LI kernel: [    0.325522] pci 0000:01:00.1: D0 power state depends on 0000:01:00.0
Jun  9 14:07:02 mohammad-ROG-Strix-G512LI-G512LI kernel: [    0.325576] PCI: CLS 64 bytes, default 64
Jun  9 14:07:02 mohammad-ROG-Strix-G512LI-G512LI kernel: [    0.325621] PCI-DMA: Using software bounce buffering for IO (SWIOTLB)
Jun  9 14:07:02 mohammad-ROG-Strix-G512LI-G512LI kernel: [    0.325622] software IO TLB: mapped [mem 0x0000000081cb2000-0x0000000085cb2000] (64MB)
Jun  9 14:07:02 mohammad-ROG-Strix-G512LI-G512LI kernel: [    0.325633] Trying to unpack rootfs image as initramfs...
Jun  9 14:07:02 mohammad-ROG-Strix-G512LI-G512LI kernel: [    0.334623] platform rtc_cmos: registered platform RTC device (no PNP device found)
Jun  9 14:07:02 mohammad-ROG-Strix-G512LI-G512LI kernel: [    0.334970] Initialise system trusted keyrings
Jun  9 14:07:02 mohammad-ROG-Strix-G512LI-G512LI kernel: [    0.334976] Key type blacklist registered
Jun  9 14:07:02 mohammad-ROG-Strix-G512LI-G512LI kernel: [    0.334998] workingset: timestamp_bits=36 max_order=23 bucket_order=0
Jun  9 14:07:02 mohammad-ROG-Strix-G512LI-G512LI kernel: [    0.335705] zbud: loaded
Jun  9 14:07:02 mohammad-ROG-Strix-G512LI-G512LI kernel: [    0.335853] squashfs: version 4.0 (2009/01/31) Phillip Lougher
Jun  9 14:07:02 mohammad-ROG-Strix-G512LI-G512LI kernel: [    0.335929] fuse: init (API version 7.34)
Jun  9 14:07:02 mohammad-ROG-Strix-G512LI-G512LI kernel: [    0.336025] integrity: Platform Keyring initialized
Jun  9 14:07:02 mohammad-ROG-Strix-G512LI-G512LI kernel: [    0.341694] Key type asymmetric registered
Jun  9 14:07:02 mohammad-ROG-Strix-G512LI-G512LI kernel: [    0.341697] Asymmetric key parser 'x509' registered
Jun  9 14:07:02 mohammad-ROG-Strix-G512LI-G512LI kernel: [    0.341714] Block layer SCSI generic (bsg) driver version 0.4 loaded (major 243)
Jun  9 14:07:02 mohammad-ROG-Strix-G512LI-G512LI kernel: [    0.341742] io scheduler mq-deadline registered
Jun  9 14:07:02 mohammad-ROG-Strix-G512LI-G512LI kernel: [    0.342591] pcieport 0000:00:01.0: PME: Signaling with IRQ 122
Jun  9 14:07:02 mohammad-ROG-Strix-G512LI-G512LI kernel: [    0.342763] pcieport 0000:00:1d.0: PME: Signaling with IRQ 123
Jun  9 14:07:02 mohammad-ROG-Strix-G512LI-G512LI kernel: [    0.342817] pcieport 0000:00:1d.0: AER: enabled with IRQ 123
Jun  9 14:07:02 mohammad-ROG-Strix-G512LI-G512LI kernel: [    0.342851] pcieport 0000:00:1d.0: DPC: enabled with IRQ 123
Jun  9 14:07:02 mohammad-ROG-Strix-G512LI-G512LI kernel: [    0.342852] pcieport 0000:00:1d.0: DPC: error containment capabilities: Int Msg #0, RPExt+ PoisonedTLP+ SwTrigger+ RP PIO Log 4, DL_ActiveErr+
Jun  9 14:07:02 mohammad-ROG-Strix-G512LI-G512LI kernel: [    0.343031] pcieport 0000:00:1d.6: PME: Signaling with IRQ 124
Jun  9 14:07:02 mohammad-ROG-Strix-G512LI-G512LI kernel: [    0.343073] pcieport 0000:00:1d.6: AER: enabled with IRQ 124
Jun  9 14:07:02 mohammad-ROG-Strix-G512LI-G512LI kernel: [    0.343109] pcieport 0000:00:1d.6: DPC: enabled with IRQ 124
Jun  9 14:07:02 mohammad-ROG-Strix-G512LI-G512LI kernel: [    0.343110] pcieport 0000:00:1d.6: DPC: error containment capabilities: Int Msg #0, RPExt+ PoisonedTLP+ SwTrigger+ RP PIO Log 4, DL_ActiveErr+
Jun  9 14:07:02 mohammad-ROG-Strix-G512LI-G512LI kernel: [    0.343200] shpchp: Standard Hot Plug PCI Controller Driver version: 0.4
Jun  9 14:07:02 mohammad-ROG-Strix-G512LI-G512LI kernel: [    0.343423] Monitor-Mwait will be used to enter C-1 state
Jun  9 14:07:02 mohammad-ROG-Strix-G512LI-G512LI kernel: [    0.343427] Monitor-Mwait will be used to enter C-2 state
Jun  9 14:07:02 mohammad-ROG-Strix-G512LI-G512LI kernel: [    0.343428] Monitor-Mwait will be used to enter C-3 state
Jun  9 14:07:02 mohammad-ROG-Strix-G512LI-G512LI kernel: [    0.343429] ACPI: \_SB_.PR00: Found 3 idle states
Jun  9 14:07:02 mohammad-ROG-Strix-G512LI-G512LI kernel: [    0.343880] ACPI: AC: AC Adapter [AC0] (off-line)
Jun  9 14:07:02 mohammad-ROG-Strix-G512LI-G512LI kernel: [    0.343929] input: Lid Switch as /devices/LNXSYSTM:00/LNXSYBUS:00/PNP0A08:00/device:20/PNP0C09:01/PNP0C0D:00/input/input0
Jun  9 14:07:02 mohammad-ROG-Strix-G512LI-G512LI kernel: [    0.343941] ACPI: button: Lid Switch [LID]
Jun  9 14:07:02 mohammad-ROG-Strix-G512LI-G512LI kernel: [    0.343967] input: Sleep Button as /devices/LNXSYSTM:00/LNXSYBUS:00/PNP0C0E:00/input/input1
Jun  9 14:07:02 mohammad-ROG-Strix-G512LI-G512LI kernel: [    0.343978] ACPI: button: Sleep Button [SLPB]
Jun  9 14:07:02 mohammad-ROG-Strix-G512LI-G512LI kernel: [    0.343998] input: Power Button as /devices/LNXSYSTM:00/LNXSYBUS:00/PNP0C0C:00/input/input2
Jun  9 14:07:02 mohammad-ROG-Strix-G512LI-G512LI kernel: [    0.344008] ACPI: button: Power Button [PWRB]
Jun  9 14:07:02 mohammad-ROG-Strix-G512LI-G512LI kernel: [    0.344028] input: Power Button as /devices/LNXSYSTM:00/LNXPWRBN:00/input/input3
Jun  9 14:07:02 mohammad-ROG-Strix-G512LI-G512LI kernel: [    0.344051] ACPI: button: Power Button [PWRF]
Jun  9 14:07:02 mohammad-ROG-Strix-G512LI-G512LI kernel: [    0.345694] thermal LNXTHERM:00: registered as thermal_zone0
Jun  9 14:07:02 mohammad-ROG-Strix-G512LI-G512LI kernel: [    0.345696] ACPI: thermal: Thermal Zone [THRM] (46 C)
Jun  9 14:07:02 mohammad-ROG-Strix-G512LI-G512LI kernel: [    0.345881] Serial: 8250/16550 driver, 32 ports, IRQ sharing enabled
Jun  9 14:07:02 mohammad-ROG-Strix-G512LI-G512LI kernel: [    0.350603] hpet_acpi_add: no address or irqs in _CRS
Jun  9 14:07:02 mohammad-ROG-Strix-G512LI-G512LI kernel: [    0.350655] Linux agpgart interface v0.103
Jun  9 14:07:02 mohammad-ROG-Strix-G512LI-G512LI kernel: [    0.354771] ACPI: battery: Slot [BAT0] (battery present)
Jun  9 14:07:02 mohammad-ROG-Strix-G512LI-G512LI kernel: [    0.359385] loop: module loaded
Jun  9 14:07:02 mohammad-ROG-Strix-G512LI-G512LI kernel: [    0.359559] tun: Universal TUN/TAP device driver, 1.6
Jun  9 14:07:02 mohammad-ROG-Strix-G512LI-G512LI kernel: [    0.359574] PPP generic driver version 2.4.2
Jun  9 14:07:02 mohammad-ROG-Strix-G512LI-G512LI kernel: [    0.359599] VFIO - User Level meta-driver version: 0.3
Jun  9 14:07:02 mohammad-ROG-Strix-G512LI-G512LI kernel: [    0.359676] ehci_hcd: USB 2.0 'Enhanced' Host Controller (EHCI) Driver
Jun  9 14:07:02 mohammad-ROG-Strix-G512LI-G512LI kernel: [    0.359679] ehci-pci: EHCI PCI platform driver
Jun  9 14:07:02 mohammad-ROG-Strix-G512LI-G512LI kernel: [    0.359684] ehci-platform: EHCI generic platform driver
Jun  9 14:07:02 mohammad-ROG-Strix-G512LI-G512LI kernel: [    0.359690] ohci_hcd: USB 1.1 'Open' Host Controller (OHCI) Driver
Jun  9 14:07:02 mohammad-ROG-Strix-G512LI-G512LI kernel: [    0.359691] ohci-pci: OHCI PCI platform driver
Jun  9 14:07:02 mohammad-ROG-Strix-G512LI-G512LI kernel: [    0.359695] ohci-platform: OHCI generic platform driver
Jun  9 14:07:02 mohammad-ROG-Strix-G512LI-G512LI kernel: [    0.359700] uhci_hcd: USB Universal Host Controller Interface driver
Jun  9 14:07:02 mohammad-ROG-Strix-G512LI-G512LI kernel: [    0.359729] i8042: PNP: PS/2 Controller [PNP030b:PS2K] at 0x60,0x64 irq 1
Jun  9 14:07:02 mohammad-ROG-Strix-G512LI-G512LI kernel: [    0.359731] i8042: PNP: PS/2 appears to have AUX port disabled, if this is incorrect please boot with i8042.nopnp
Jun  9 14:07:02 mohammad-ROG-Strix-G512LI-G512LI kernel: [    0.360617] serio: i8042 KBD port at 0x60,0x64 irq 1
Jun  9 14:07:02 mohammad-ROG-Strix-G512LI-G512LI kernel: [    0.360667] mousedev: PS/2 mouse device common for all mice
Jun  9 14:07:02 mohammad-ROG-Strix-G512LI-G512LI kernel: [    0.360761] rtc_cmos rtc_cmos: RTC can wake from S4
Jun  9 14:07:02 mohammad-ROG-Strix-G512LI-G512LI kernel: [    0.361600] rtc_cmos rtc_cmos: registered as rtc0
Jun  9 14:07:02 mohammad-ROG-Strix-G512LI-G512LI kernel: [    0.361793] rtc_cmos rtc_cmos: setting system clock to 2024-06-09T10:36:55 UTC (1717929415)
Jun  9 14:07:02 mohammad-ROG-Strix-G512LI-G512LI kernel: [    0.361816] rtc_cmos rtc_cmos: alarms up to one month, y3k, 114 bytes nvram
Jun  9 14:07:02 mohammad-ROG-Strix-G512LI-G512LI kernel: [    0.361820] i2c_dev: i2c /dev entries driver
Jun  9 14:07:02 mohammad-ROG-Strix-G512LI-G512LI kernel: [    0.362127] device-mapper: core: CONFIG_IMA_DISABLE_HTABLE is disabled. Duplicate IMA measurements will not be recorded in the IMA log.
Jun  9 14:07:02 mohammad-ROG-Strix-G512LI-G512LI kernel: [    0.362143] device-mapper: uevent: version 1.0.3
Jun  9 14:07:02 mohammad-ROG-Strix-G512LI-G512LI kernel: [    0.362168] device-mapper: ioctl: 4.45.0-ioctl (2021-03-22) initialised: dm-devel@redhat.com
Jun  9 14:07:02 mohammad-ROG-Strix-G512LI-G512LI kernel: [    0.362181] platform eisa.0: Probing EISA bus 0
Jun  9 14:07:02 mohammad-ROG-Strix-G512LI-G512LI kernel: [    0.362184] platform eisa.0: EISA: Cannot allocate resource for mainboard
Jun  9 14:07:02 mohammad-ROG-Strix-G512LI-G512LI kernel: [    0.362187] platform eisa.0: Cannot allocate resource for EISA slot 1
Jun  9 14:07:02 mohammad-ROG-Strix-G512LI-G512LI kernel: [    0.362187] platform eisa.0: Cannot allocate resource for EISA slot 2
Jun  9 14:07:02 mohammad-ROG-Strix-G512LI-G512LI kernel: [    0.362188] platform eisa.0: Cannot allocate resource for EISA slot 3
Jun  9 14:07:02 mohammad-ROG-Strix-G512LI-G512LI kernel: [    0.362189] platform eisa.0: Cannot allocate resource for EISA slot 4
Jun  9 14:07:02 mohammad-ROG-Strix-G512LI-G512LI kernel: [    0.362189] platform eisa.0: Cannot allocate resource for EISA slot 5
Jun  9 14:07:02 mohammad-ROG-Strix-G512LI-G512LI kernel: [    0.362190] platform eisa.0: Cannot allocate resource for EISA slot 6
Jun  9 14:07:02 mohammad-ROG-Strix-G512LI-G512LI kernel: [    0.362191] platform eisa.0: Cannot allocate resource for EISA slot 7
Jun  9 14:07:02 mohammad-ROG-Strix-G512LI-G512LI kernel: [    0.362191] platform eisa.0: Cannot allocate resource for EISA slot 8
Jun  9 14:07:02 mohammad-ROG-Strix-G512LI-G512LI kernel: [    0.362192] platform eisa.0: EISA: Detected 0 cards
Jun  9 14:07:02 mohammad-ROG-Strix-G512LI-G512LI kernel: [    0.362194] intel_pstate: Intel P-state driver initializing
Jun  9 14:07:02 mohammad-ROG-Strix-G512LI-G512LI kernel: [    0.362624] intel_pstate: HWP enabled
Jun  9 14:07:02 mohammad-ROG-Strix-G512LI-G512LI kernel: [    0.362871] ledtrig-cpu: registered to indicate activity on CPUs
Jun  9 14:07:02 mohammad-ROG-Strix-G512LI-G512LI kernel: [    0.362885] efifb: probing for efifb
Jun  9 14:07:02 mohammad-ROG-Strix-G512LI-G512LI kernel: [    0.362900] efifb: showing boot graphics
Jun  9 14:07:02 mohammad-ROG-Strix-G512LI-G512LI kernel: [    0.363714] efifb: framebuffer at 0xa0000000, using 8100k, total 8100k
Jun  9 14:07:02 mohammad-ROG-Strix-G512LI-G512LI kernel: [    0.363716] efifb: mode is 1920x1080x32, linelength=7680, pages=1
Jun  9 14:07:02 mohammad-ROG-Strix-G512LI-G512LI kernel: [    0.363716] efifb: scrolling: redraw
Jun  9 14:07:02 mohammad-ROG-Strix-G512LI-G512LI kernel: [    0.363717] efifb: Truecolor: size=8:8:8:8, shift=24:16:8:0
Jun  9 14:07:02 mohammad-ROG-Strix-G512LI-G512LI kernel: [    0.363766] Console: switching to colour frame buffer device 240x67
Jun  9 14:07:02 mohammad-ROG-Strix-G512LI-G512LI kernel: [    0.366093] fb0: EFI VGA frame buffer device
Jun  9 14:07:02 mohammad-ROG-Strix-G512LI-G512LI kernel: [    0.366121] EFI Variables Facility v0.08 2004-May-17
Jun  9 14:07:02 mohammad-ROG-Strix-G512LI-G512LI kernel: [    0.369035] input: AT Translated Set 2 keyboard as /devices/platform/i8042/serio0/input/input4
Jun  9 14:07:02 mohammad-ROG-Strix-G512LI-G512LI kernel: [    0.371261] intel_pmc_core INT33A1:00:  initialized
Jun  9 14:07:02 mohammad-ROG-Strix-G512LI-G512LI kernel: [    0.371327] drop_monitor: Initializing network drop monitor service
Jun  9 14:07:02 mohammad-ROG-Strix-G512LI-G512LI kernel: [    0.371435] NET: Registered PF_INET6 protocol family
Jun  9 14:07:02 mohammad-ROG-Strix-G512LI-G512LI kernel: [    0.432158] Freeing initrd memory: 78228K
Jun  9 14:07:02 mohammad-ROG-Strix-G512LI-G512LI kernel: [    0.435909] Segment Routing with IPv6
Jun  9 14:07:02 mohammad-ROG-Strix-G512LI-G512LI kernel: [    0.435918] In-situ OAM (IOAM) with IPv6
Jun  9 14:07:02 mohammad-ROG-Strix-G512LI-G512LI kernel: [    0.435935] NET: Registered PF_PACKET protocol family
Jun  9 14:07:02 mohammad-ROG-Strix-G512LI-G512LI kernel: [    0.436041] Key type dns_resolver registered
Jun  9 14:07:02 mohammad-ROG-Strix-G512LI-G512LI kernel: [    0.436908] microcode: sig=0xa0652, pf=0x20, revision=0xf8
Jun  9 14:07:02 mohammad-ROG-Strix-G512LI-G512LI kernel: [    0.437218] microcode: Microcode Update Driver: v2.2.
Jun  9 14:07:02 mohammad-ROG-Strix-G512LI-G512LI kernel: [    0.437222] IPI shorthand broadcast: enabled
Jun  9 14:07:02 mohammad-ROG-Strix-G512LI-G512LI kernel: [    0.437235] sched_clock: Marking stable (430341730, 6520518)->(464008979, -27146731)
Jun  9 14:07:02 mohammad-ROG-Strix-G512LI-G512LI kernel: [    0.437446] registered taskstats version 1
Jun  9 14:07:02 mohammad-ROG-Strix-G512LI-G512LI kernel: [    0.437886] Loading compiled-in X.509 certificates
Jun  9 14:07:02 mohammad-ROG-Strix-G512LI-G512LI kernel: [    0.438289] Loaded X.509 cert 'Build time autogenerated kernel key: 306d45095292a6163d2b12091b12e102435cef5c'
Jun  9 14:07:02 mohammad-ROG-Strix-G512LI-G512LI kernel: [    0.438655] Loaded X.509 cert 'Canonical Ltd. Live Patch Signing: 14df34d1a87cf37625abec039ef2bf521249b969'
Jun  9 14:07:02 mohammad-ROG-Strix-G512LI-G512LI kernel: [    0.439009] Loaded X.509 cert 'Canonical Ltd. Kernel Module Signing: 88f752e560a1e0737e31163a466ad7b70a850c19'
Jun  9 14:07:02 mohammad-ROG-Strix-G512LI-G512LI kernel: [    0.439009] blacklist: Loading compiled-in revocation X.509 certificates
Jun  9 14:07:02 mohammad-ROG-Strix-G512LI-G512LI kernel: [    0.439020] Loaded X.509 cert 'Canonical Ltd. Secure Boot Signing: 61482aa2830d0ab2ad5af10b7250da9033ddcef0'
Jun  9 14:07:02 mohammad-ROG-Strix-G512LI-G512LI kernel: [    0.439028] Loaded X.509 cert 'Canonical Ltd. Secure Boot Signing (2017): 242ade75ac4a15e50d50c84b0d45ff3eae707a03'
Jun  9 14:07:02 mohammad-ROG-Strix-G512LI-G512LI kernel: [    0.439036] Loaded X.509 cert 'Canonical Ltd. Secure Boot Signing (ESM 2018): 365188c1d374d6b07c3c8f240f8ef722433d6a8b'
Jun  9 14:07:02 mohammad-ROG-Strix-G512LI-G512LI kernel: [    0.439044] Loaded X.509 cert 'Canonical Ltd. Secure Boot Signing (2019): c0746fd6c5da3ae827864651ad66ae47fe24b3e8'
Jun  9 14:07:02 mohammad-ROG-Strix-G512LI-G512LI kernel: [    0.439052] Loaded X.509 cert 'Canonical Ltd. Secure Boot Signing (2021 v1): a8d54bbb3825cfb94fa13c9f8a594a195c107b8d'
Jun  9 14:07:02 mohammad-ROG-Strix-G512LI-G512LI kernel: [    0.439060] Loaded X.509 cert 'Canonical Ltd. Secure Boot Signing (2021 v2): 4cf046892d6fd3c9a5b03f98d845f90851dc6a8c'
Jun  9 14:07:02 mohammad-ROG-Strix-G512LI-G512LI kernel: [    0.439067] Loaded X.509 cert 'Canonical Ltd. Secure Boot Signing (2021 v3): 100437bb6de6e469b581e61cd66bce3ef4ed53af'
Jun  9 14:07:02 mohammad-ROG-Strix-G512LI-G512LI kernel: [    0.439075] Loaded X.509 cert 'Canonical Ltd. Secure Boot Signing (Ubuntu Core 2019): c1d57b8f6b743f23ee41f4f7ee292f06eecadfb9'
Jun  9 14:07:02 mohammad-ROG-Strix-G512LI-G512LI kernel: [    0.439254] zswap: loaded using pool lzo/zbud
Jun  9 14:07:02 mohammad-ROG-Strix-G512LI-G512LI kernel: [    0.439609] Key type .fscrypt registered
Jun  9 14:07:02 mohammad-ROG-Strix-G512LI-G512LI kernel: [    0.439610] Key type fscrypt-provisioning registered
Jun  9 14:07:02 mohammad-ROG-Strix-G512LI-G512LI kernel: [    0.439641] Key type trusted registered
Jun  9 14:07:02 mohammad-ROG-Strix-G512LI-G512LI kernel: [    0.441288] Key type encrypted registered
Jun  9 14:07:02 mohammad-ROG-Strix-G512LI-G512LI kernel: [    0.441290] AppArmor: AppArmor sha1 policy hashing enabled
Jun  9 14:07:02 mohammad-ROG-Strix-G512LI-G512LI kernel: [    0.441937] integrity: Loading X.509 certificate: UEFI:MokListRT (MOKvar table)
